<html>
<body>
<pre>
<h1>礦ision Build Log</h1>
<h2>Tool Versions:</h2>
IDE-Version: μVision V5.14.0.0
Copyright (C) 2015 ARM Ltd and ARM Germany GmbH. All rights reserved.
License Information: 董程森 微软用户, 微软中国, LIC=PE730-BUW4M-W2WLL-0NAGG-VSY4H-IRY8T
 
Tool Versions:
Toolchain:       MDK-ARM Standard  Version: 5.14.0.0
Toolchain Path:  E:\MDK5\ARM\ARMCC\Bin
C Compiler:      Armcc.exe V5.05 update 1 (build 106)
Assembler:       Armasm.exe V5.05 update 1 (build 106)
Linker/Locator:  ArmLink.exe V5.05 update 1 (build 106)
Library Manager: ArmAr.exe V5.05 update 1 (build 106)
Hex Converter:   FromElf.exe V5.05 update 1 (build 106)
CPU DLL:         SARMCM3.DLL V5.14.0.0
Dialog DLL:      DARMSTM.DLL V1.65.0.0
Target DLL:      Segger\JL2CM3.dll V2.99.13.0
Dialog DLL:      TARMSTM.DLL V1.64.0.0
 
<h2>Project:</h2>
I:\U盘重要数据备份\FF插座\单片机程序\FF插座单片机程序\FF插座程序（完整）\Project\mcu_stm32f103c8x.uvprojx
Project File Date:  08/16/2017

<h2>Output:</h2>
Rebuild target 'mcu_stm32f103c8x'
assembling startup_stm32f10x_md.s...
compiling core_cm3.c...
compiling system_stm32f10x.c...
compiling misc.c...
compiling stm32f10x_adc.c...
compiling stm32f10x_bkp.c...
compiling stm32f10x_can.c...
compiling stm32f10x_cec.c...
compiling stm32f10x_crc.c...
compiling stm32f10x_dac.c...
compiling stm32f10x_dbgmcu.c...
compiling stm32f10x_dma.c...
compiling stm32f10x_exti.c...
compiling stm32f10x_flash.c...
compiling stm32f10x_fsmc.c...
compiling stm32f10x_gpio.c...
compiling stm32f10x_i2c.c...
compiling stm32f10x_iwdg.c...
compiling stm32f10x_pwr.c...
compiling stm32f10x_rcc.c...
compiling stm32f10x_rtc.c...
compiling stm32f10x_sdio.c...
compiling stm32f10x_spi.c...
compiling stm32f10x_tim.c...
compiling stm32f10x_usart.c...
compiling stm32f10x_wwdg.c...
compiling main.c...
compiling stm32f10x_it.c...
compiling hal_key.c...
compiling hal_uart.c...
compiling hal_watchdog.c...
compiling gizwits_product.c...
compiling gizwits_protocol.c...
..\Gizwits\gizwits_protocol.c(465): warning:  #223-D: function "gizGetTimerCount" declared implicitly
      gizwitsProtocol.waitAck.sendTime = gizGetTimerCount();
..\Gizwits\gizwits_protocol.c(708): warning:  #223-D: function "gizGetTimerCount" declared implicitly
          if(gizGetTimerCount()-lastReportTime >= REPORT_TIME_MAX)
..\Gizwits\gizwits_protocol.c(717): warning:  #223-D: function "gizGetTimerCount" declared implicitly
          if(gizGetTimerCount()-lastReportTime >= REPORT_TIME_MAX)
..\Gizwits\gizwits_protocol.c(726): warning:  #223-D: function "gizGetTimerCount" declared implicitly
          if(gizGetTimerCount()-lastReportTime >= REPORT_TIME_MAX)
..\Gizwits\gizwits_protocol.c(951): warning:  #223-D: function "gizGetTimerCount" declared implicitly
      if(0 == (gizGetTimerCount() % (600000)))
..\Gizwits\gizwits_protocol.c(1102): warning:  #223-D: function "gizGetTimerCount" declared implicitly
      gizwitsProtocol.waitAck.sendTime = gizGetTimerCount();
..\Gizwits\gizwits_protocol.c(1178): warning:  #223-D: function "gizGetTimerCount" declared implicitly
              if(SEND_MAX_TIME < (gizGetTimerCount() - gizwitsProtocol.waitAck.sendTime))
..\Gizwits\gizwits_protocol.c(1243): warning:  #1029-D: __packed ignored for non-pointer parameter
  static int32_t gizProtocolErrorCmd(protocolHead_t *head,errorPacketsType_t errno)
..\Gizwits\gizwits_protocol.c(1280): warning:  #177-D: variable "ret" was declared but never referenced
      int32_t ret = 0;
..\Gizwits\gizwits_protocol.c(1311): warning:  #223-D: function "gizGetTimerCount" declared implicitly
      uint32_t timeDelay = gizGetTimerCount();
..\Gizwits\gizwits_protocol.c(1720): warning:  #223-D: function "gizwitsEventProcess" declared implicitly
              gizwitsEventProcess(&gizwitsProtocol.issuedProcessEvent, (uint8_t *)&gizwitsProtocol.gizCurrentDataPoint, sizeof(dataPoint_t));
..\Gizwits\gizwits_protocol.c(1630): warning:  #177-D: variable "i" was declared but never referenced
      uint16_t i = 0;
..\Gizwits\gizwits_protocol.c(39): warning:  #177-D: function "rbDelete" was declared but never referenced
  static void rbDelete(rb_t* rb)
..\Gizwits\gizwits_protocol.c(378): warning:  #177-D: function "gizX2YFloat" was declared but never referenced
  static float gizX2YFloat(float ratio, float addition, uint32_t preValue)
..\Gizwits\gizwits_protocol.c: 14 warnings, 0 errors
compiling Hal_relay.c...
compiling Hal_led.c...
compiling acs712.c...
..\Hal\ACS712\acs712.c(16): warning:  #940-D: missing return statement at end of non-void function "get_Electric"
  }
..\Hal\ACS712\acs712.c: 1 warning, 0 errors
compiling adc.c...
compiling delay.c...
compiling sys.c...
compiling 24cxx.c...
compiling myiic.c...
linking...
Program Size: Code=25954 RO-data=362 RW-data=124 ZI-data=4492  
FromELF: creating hex file...
".\Obj\mcu_stm32f103c8x.axf" - 0 Error(s), 15 Warning(s).

<h2>Collection of Component include folders:</h2>
  I:\U盘重要数据备份\FF插座\单片机程序\FF插座单片机程序\FF插座程序（完整）\Project\RTE
  E:\MDK5\Keil\STM32F1xx_DFP\1.1.0\Device\Include

<h2>Collection of Component Files used:</h2>
</pre>
</body>
</html>
