Component: ARM Compiler 5.05 update 1 (build 106) Tool: armlink [4d0efa]

==============================================================================

Section Cross References

    startup_stm32f10x_md.o(RESET) refers to startup_stm32f10x_md.o(STACK) for __initial_sp
    startup_stm32f10x_md.o(RESET) refers to startup_stm32f10x_md.o(.text) for Reset_Handler
    startup_stm32f10x_md.o(RESET) refers to stm32f10x_it.o(.text) for NMI_Handler
    startup_stm32f10x_md.o(RESET) refers to hal_key.o(.text) for TIM2_IRQHandler
    startup_stm32f10x_md.o(RESET) refers to gizwits_product.o(.text) for TIM3_IRQHandler
    startup_stm32f10x_md.o(.text) refers to system_stm32f10x.o(.text) for SystemInit
    startup_stm32f10x_md.o(.text) refers to entry.o(.ARM.Collect$$$$00000000) for __main
    system_stm32f10x.o(.text) refers to system_stm32f10x.o(.data) for SystemCoreClock
    stm32f10x_adc.o(.text) refers to stm32f10x_rcc.o(.text) for RCC_APB2PeriphResetCmd
    stm32f10x_bkp.o(.text) refers to stm32f10x_rcc.o(.text) for RCC_BackupResetCmd
    stm32f10x_can.o(.text) refers to stm32f10x_rcc.o(.text) for RCC_APB1PeriphResetCmd
    stm32f10x_cec.o(.text) refers to stm32f10x_rcc.o(.text) for RCC_APB1PeriphResetCmd
    stm32f10x_dac.o(.text) refers to stm32f10x_rcc.o(.text) for RCC_APB1PeriphResetCmd
    stm32f10x_gpio.o(.text) refers to stm32f10x_rcc.o(.text) for RCC_APB2PeriphResetCmd
    stm32f10x_i2c.o(.text) refers to stm32f10x_rcc.o(.text) for RCC_APB1PeriphResetCmd
    stm32f10x_pwr.o(.text) refers to stm32f10x_rcc.o(.text) for RCC_APB1PeriphResetCmd
    stm32f10x_rcc.o(.text) refers to stm32f10x_rcc.o(.data) for APBAHBPrescTable
    stm32f10x_spi.o(.text) refers to stm32f10x_rcc.o(.text) for RCC_APB2PeriphResetCmd
    stm32f10x_tim.o(.text) refers to stm32f10x_rcc.o(.text) for RCC_APB2PeriphResetCmd
    stm32f10x_usart.o(.text) refers to stm32f10x_rcc.o(.text) for RCC_APB2PeriphResetCmd
    stm32f10x_wwdg.o(.text) refers to stm32f10x_rcc.o(.text) for RCC_APB1PeriphResetCmd
    main.o(.text) refers to hal_uart.o(.text) for uartxInit
    main.o(.text) refers to memseta.o(.text) for __aeabi_memclr
    main.o(.text) refers to delay.o(.text) for delay_ms
    main.o(.text) refers to gizwits_protocol.o(.text) for gizwitsGetNTP
    main.o(.text) refers to hal_relay.o(.text) for relay_control
    main.o(.text) refers to main.o(.bss) for currentDataPoint
    main.o(.text) refers to main.o(.data) for sys_week
    main.o(.text) refers to gizwits_product.o(.data) for sys_h
    main.o(.text) refers to stm32f10x_gpio.o(.text) for GPIO_ReadInputDataBit
    main.o(.text) refers to hal_led.o(.text) for switch_led
    main.o(.text) refers to acs712.o(.text) for get_Electric
    main.o(.text) refers to fflti.o(.text) for __aeabi_i2f
    main.o(.text) refers to printf6.o(i.__0printf$6) for __2printf
    main.o(.text) refers to hal_key.o(.text) for keyInitOne
    main.o(.text) refers to memcpya.o(.text) for __aeabi_memcpy
    main.o(.text) refers to system_stm32f10x.o(.text) for SystemInit
    main.o(.text) refers to adc.o(.text) for Adc_Init
    main.o(.text) refers to 24cxx.o(.text) for AT24CXX_Init
    main.o(.text) refers to gizwits_product.o(.text) for timerInit
    stm32f10x_it.o(.text) refers to stm32f10x_usart.o(.text) for USART_GetITStatus
    stm32f10x_it.o(.text) refers to stm32f10x_rtc.o(.text) for RTC_GetITStatus
    hal_key.o(.text) refers to stm32f10x_gpio.o(.text) for GPIO_ReadInputDataBit
    hal_key.o(.text) refers to stm32f10x_tim.o(.text) for TIM_GetITStatus
    hal_key.o(.text) refers to stm32f10x_rcc.o(.text) for RCC_APB1PeriphClockCmd
    hal_key.o(.text) refers to misc.o(.text) for NVIC_Init
    hal_key.o(.text) refers to memcpya.o(.text) for __aeabi_memcpy
    hal_key.o(.text) refers to main.o(.data) for keys
    hal_key.o(.text) refers to hal_key.o(.data) for keyCountTime
    hal_uart.o(.text) refers to stm32f10x_rcc.o(.text) for RCC_APB2PeriphClockCmd
    hal_uart.o(.text) refers to stm32f10x_gpio.o(.text) for GPIO_Init
    hal_uart.o(.text) refers to stm32f10x_usart.o(.text) for USART_Init
    hal_uart.o(.text) refers to misc.o(.text) for NVIC_Init
    hal_watchdog.o(.text) refers to stm32f10x_iwdg.o(.text) for IWDG_WriteAccessCmd
    gizwits_product.o(.text) refers to printf6.o(i.__0printf$6) for __2printf
    gizwits_product.o(.text) refers to hal_relay.o(.text) for relay_control
    gizwits_product.o(.text) refers to 24cxx.o(.text) for AT24CXX_WriteOneByte
    gizwits_product.o(.text) refers to hal_led.o(.text) for switch_led
    gizwits_product.o(.text) refers to stm32f10x_tim.o(.text) for TIM_GetITStatus
    gizwits_product.o(.text) refers to stm32f10x_rcc.o(.text) for RCC_APB1PeriphClockCmd
    gizwits_product.o(.text) refers to misc.o(.text) for NVIC_Init
    gizwits_product.o(.text) refers to stm32f10x_usart.o(.text) for USART_GetITStatus
    gizwits_product.o(.text) refers to gizwits_protocol.o(.text) for gizPutData
    gizwits_product.o(.text) refers to stm32f10x_gpio.o(.text) for GPIO_Init
[...]
    printf7.o(i.__0vfprintf$7) refers to printf7.o(i._printf_core) for _printf_core
    printf7.o(i.__0vfprintf$7) refers to hal_uart.o(.text) for fputc
    printf7.o(i.__0vprintf$7) refers to printf7.o(i._printf_core) for _printf_core
    printf7.o(i.__0vprintf$7) refers to hal_uart.o(.text) for fputc
    printf7.o(i.__0vprintf$7) refers to stdout.o(.data) for __stdout
    printf7.o(i.__0vsnprintf$7) refers to printf7.o(i._printf_core) for _printf_core
    printf7.o(i.__0vsnprintf$7) refers to printf7.o(i._snputc) for _snputc
    printf7.o(i.__0vsprintf$7) refers to printf7.o(i._printf_core) for _printf_core
    printf7.o(i.__0vsprintf$7) refers to printf7.o(i._sputc) for _sputc
    printf7.o(i._printf_core) refers to printf7.o(i._printf_pre_padding) for _printf_pre_padding
    printf7.o(i._printf_core) refers to uldiv.o(.text) for __aeabi_uldivmod
    printf7.o(i._printf_core) refers to printf7.o(i._printf_post_padding) for _printf_post_padding
    printf8.o(i.__0fprintf$8) refers to printf8.o(i._printf_core) for _printf_core
    printf8.o(i.__0fprintf$8) refers to hal_uart.o(.text) for fputc
    printf8.o(i.__0printf$8) refers to printf8.o(i._printf_core) for _printf_core
    printf8.o(i.__0printf$8) refers to hal_uart.o(.text) for fputc
    printf8.o(i.__0printf$8) refers to stdout.o(.data) for __stdout
    printf8.o(i.__0snprintf$8) refers to printf8.o(i._printf_core) for _printf_core
    printf8.o(i.__0snprintf$8) refers to printf8.o(i._snputc) for _snputc
    printf8.o(i.__0sprintf$8) refers to printf8.o(i._printf_core) for _printf_core
    printf8.o(i.__0sprintf$8) refers to printf8.o(i._sputc) for _sputc
    printf8.o(i.__0vfprintf$8) refers to printf8.o(i._printf_core) for _printf_core
    printf8.o(i.__0vfprintf$8) refers to hal_uart.o(.text) for fputc
    printf8.o(i.__0vprintf$8) refers to printf8.o(i._printf_core) for _printf_core
    printf8.o(i.__0vprintf$8) refers to hal_uart.o(.text) for fputc
    printf8.o(i.__0vprintf$8) refers to stdout.o(.data) for __stdout
    printf8.o(i.__0vsnprintf$8) refers to printf8.o(i._printf_core) for _printf_core
    printf8.o(i.__0vsnprintf$8) refers to printf8.o(i._snputc) for _snputc
    printf8.o(i.__0vsprintf$8) refers to printf8.o(i._printf_core) for _printf_core
    printf8.o(i.__0vsprintf$8) refers to printf8.o(i._sputc) for _sputc
    printf8.o(i._printf_core) refers to printf8.o(i._printf_pre_padding) for _printf_pre_padding
    printf8.o(i._printf_core) refers to uldiv.o(.text) for __aeabi_uldivmod
    printf8.o(i._printf_core) refers to printf8.o(i._printf_post_padding) for _printf_post_padding
    printfa.o(i.__0fprintf) refers (Special) to iusefp.o(.text) for __I$use$fp
    printfa.o(i.__0fprintf) refers to printfa.o(i._printf_core) for _printf_core
    printfa.o(i.__0fprintf) refers to hal_uart.o(.text) for fputc
    printfa.o(i.__0printf) refers (Special) to iusefp.o(.text) for __I$use$fp
    printfa.o(i.__0printf) refers to printfa.o(i._printf_core) for _printf_core
    printfa.o(i.__0printf) refers to hal_uart.o(.text) for fputc
    printfa.o(i.__0printf) refers to stdout.o(.data) for __stdout
    printfa.o(i.__0snprintf) refers (Special) to iusefp.o(.text) for __I$use$fp
    printfa.o(i.__0snprintf) refers to printfa.o(i._printf_core) for _printf_core
    printfa.o(i.__0snprintf) refers to printfa.o(i._snputc) for _snputc
    printfa.o(i.__0sprintf) refers (Special) to iusefp.o(.text) for __I$use$fp
    printfa.o(i.__0sprintf) refers to printfa.o(i._printf_core) for _printf_core
    printfa.o(i.__0sprintf) refers to printfa.o(i._sputc) for _sputc
    printfa.o(i.__0vfprintf) refers (Special) to iusefp.o(.text) for __I$use$fp
    printfa.o(i.__0vfprintf) refers to printfa.o(i._printf_core) for _printf_core
    printfa.o(i.__0vfprintf) refers to hal_uart.o(.text) for fputc
    printfa.o(i.__0vprintf) refers (Special) to iusefp.o(.text) for __I$use$fp
    printfa.o(i.__0vprintf) refers to printfa.o(i._printf_core) for _printf_core
    printfa.o(i.__0vprintf) refers to hal_uart.o(.text) for fputc
    printfa.o(i.__0vprintf) refers to stdout.o(.data) for __stdout
    printfa.o(i.__0vsnprintf) refers (Special) to iusefp.o(.text) for __I$use$fp
    printfa.o(i.__0vsnprintf) refers to printfa.o(i._printf_core) for _printf_core
    printfa.o(i.__0vsnprintf) refers to printfa.o(i._snputc) for _snputc
    printfa.o(i.__0vsprintf) refers (Special) to iusefp.o(.text) for __I$use$fp
    printfa.o(i.__0vsprintf) refers to printfa.o(i._printf_core) for _printf_core
    printfa.o(i.__0vsprintf) refers to printfa.o(i._sputc) for _sputc
    printfa.o(i._fp_digits) refers (Special) to iusefp.o(.text) for __I$use$fp
    printfa.o(i._fp_digits) refers to dmul.o(.text) for __aeabi_dmul
    printfa.o(i._fp_digits) refers to ddiv.o(.text) for __aeabi_ddiv
    printfa.o(i._fp_digits) refers to cdrcmple.o(.text) for __aeabi_cdrcmple
    printfa.o(i._fp_digits) refers to dadd.o(.text) for __aeabi_dadd
    printfa.o(i._fp_digits) refers to dfixul.o(.text) for __aeabi_d2ulz
    printfa.o(i._fp_digits) refers to uldiv.o(.text) for __aeabi_uldivmod
    printfa.o(i._printf_core) refers (Special) to iusefp.o(.text) for __I$use$fp
    printfa.o(i._printf_core) refers to printfa.o(i._printf_pre_padding) for _printf_pre_padding
    printfa.o(i._printf_core) refers to uldiv.o(.text) for __aeabi_uldivmod
    printfa.o(i._printf_core) refers to printfa.o(i._printf_post_padding) for _printf_post_padding
    printfa.o(i._printf_core) refers to printfa.o(i._fp_digits) for _fp_digits
    printfa.o(i._printf_core) refers to uidiv.o(.text) for __aeabi_uidivmod
    printfa.o(i._printf_post_padding) refers (Special) to iusefp.o(.text) for __I$use$fp
    printfa.o(i._printf_pre_padding) refers (Special) to iusefp.o(.text) for __I$use$fp
    printfa.o(i._snputc) refers (Special) to iusefp.o(.text) for __I$use$fp
    printfa.o(i._sputc) refers (Special) to iusefp.o(.text) for __I$use$fp
    fadd.o(.text) refers (Special) to iusefp.o(.text) for __I$use$fp
    fadd.o(.text) refers to fepilogue.o(.text) for _float_epilogue
    fmul.o(.text) refers (Special) to iusefp.o(.text) for __I$use$fp
    fdiv.o(.text) refers (Special) to iusefp.o(.text) for __I$use$fp
    fdiv.o(.text) refers to fepilogue.o(.text) for _float_round
    dmul.o(.text) refers (Special) to iusefp.o(.text) for __I$use$fp
    dmul.o(.text) refers to depilogue.o(.text) for _double_epilogue
    fflti.o(.text) refers (Special) to iusefp.o(.text) for __I$use$fp
    fflti.o(.text) refers to fepilogue.o(.text) for _float_epilogue
    ffltui.o(.text) refers (Special) to iusefp.o(.text) for __I$use$fp
    ffltui.o(.text) refers to fepilogue.o(.text) for _float_epilogue
    ffixi.o(.text) refers (Special) to iusefp.o(.text) for __I$use$fp
    ffixui.o(.text) refers (Special) to iusefp.o(.text) for __I$use$fp
    f2d.o(.text) refers (Special) to iusefp.o(.text) for __I$use$fp
    d2f.o(.text) refers (Special) to iusefp.o(.text) for __I$use$fp
    d2f.o(.text) refers to fepilogue.o(.text) for _float_round
    cfcmple.o(.text) refers (Special) to iusefp.o(.text) for __I$use$fp
    cfrcmple.o(.text) refers (Special) to iusefp.o(.text) for __I$use$fp
    entry2.o(.ARM.Collect$$$$00000001) refers to entry2.o(.ARM.Collect$$$$00002712) for __lit__00000000
    entry2.o(.ARM.Collect$$$$00002712) refers to startup_stm32f10x_md.o(STACK) for __initial_sp
    entry2.o(__vectab_stack_and_reset_area) refers to startup_stm32f10x_md.o(STACK) for __initial_sp
    entry2.o(__vectab_stack_and_reset_area) refers to entry.o(.ARM.Collect$$$$00000000) for __main
    entry5.o(.ARM.Collect$$$$00000004) refers to init.o(.text) for __scatterload
    entry9a.o(.ARM.Collect$$$$0000000B) refers to main.o(.text) for main
    entry9b.o(.ARM.Collect$$$$0000000C) refers to main.o(.text) for main
    uldiv.o(.text) refers to llushr.o(.text) for __aeabi_llsr
    uldiv.o(.text) refers to llshl.o(.text) for __aeabi_llsl
    depilogue.o(.text) refers to llshl.o(.text) for __aeabi_llsl
    depilogue.o(.text) refers to llushr.o(.text) for __aeabi_llsr
    dadd.o(.text) refers to llshl.o(.text) for __aeabi_llsl
    dadd.o(.text) refers to llsshr.o(.text) for __aeabi_lasr
    dadd.o(.text) refers to depilogue.o(.text) for _double_epilogue
    ddiv.o(.text) refers to depilogue.o(.text) for _double_round
    dfixul.o(.text) refers to llushr.o(.text) for __aeabi_llsr
    dfixul.o(.text) refers to llshl.o(.text) for __aeabi_llsl
    init.o(.text) refers to entry5.o(.ARM.Collect$$$$00000004) for __main_after_scatterload


==============================================================================

Removing Unused input sections from the image.

    Removing startup_stm32f10x_md.o(HEAP), (512 bytes).
    Removing core_cm3.o(.emb_text), (32 bytes).
    Removing stm32f10x_bkp.o(.text), (196 bytes).
    Removing stm32f10x_can.o(.text), (2544 bytes).
    Removing stm32f10x_cec.o(.text), (288 bytes).
    Removing stm32f10x_crc.o(.text), (72 bytes).
    Removing stm32f10x_dac.o(.text), (396 bytes).
    Removing stm32f10x_dbgmcu.o(.text), (48 bytes).
    Removing stm32f10x_dma.o(.text), (596 bytes).
    Removing stm32f10x_exti.o(.text), (284 bytes).
    Removing stm32f10x_flash.o(.text), (1468 bytes).
    Removing stm32f10x_fsmc.o(.text), (1548 bytes).
    Removing stm32f10x_i2c.o(.text), (1028 bytes).
    Removing stm32f10x_iwdg.o(.text), (64 bytes).
    Removing stm32f10x_pwr.o(.text), (204 bytes).
    Removing stm32f10x_sdio.o(.text), (468 bytes).
    Removing stm32f10x_spi.o(.text), (780 bytes).
    Removing stm32f10x_wwdg.o(.text), (136 bytes).
    Removing hal_watchdog.o(.text), (60 bytes).
    Removing sys.o(.emb_text), (6 bytes).
    Removing sys.o(.text), (12 bytes).
    Removing dadd.o(.text), (334 bytes).
    Removing ddiv.o(.text), (222 bytes).
    Removing dfixul.o(.text), (48 bytes).
    Removing cdrcmple.o(.text), (48 bytes).

25 unused section(s) (total 11394 bytes) removed from the image.

==============================================================================

Image Symbol Table

    Local Symbols

    Symbol Name                              Value     Ov Type        Size  Object(Section)

    ../clib/microlib/division.c              0x00000000   Number         0  uidiv.o ABSOLUTE
    ../clib/microlib/division.c              0x00000000   Number         0  uldiv.o ABSOLUTE
    ../clib/microlib/init/entry.s            0x00000000   Number         0  entry10b.o ABSOLUTE
    ../clib/microlib/init/entry.s            0x00000000   Number         0  entry7b.o ABSOLUTE
    ../clib/microlib/init/entry.s            0x00000000   Number         0  entry7a.o ABSOLUTE
    ../clib/microlib/init/entry.s            0x00000000   Number         0  entry5.o ABSOLUTE
    ../clib/microlib/init/entry.s            0x00000000   Number         0  entry2.o ABSOLUTE
    ../clib/microlib/init/entry.s            0x00000000   Number         0  entry.o ABSOLUTE
    ../clib/microlib/init/entry.s            0x00000000   Number         0  entry8a.o ABSOLUTE
    ../clib/microlib/init/entry.s            0x00000000   Number         0  entry11b.o ABSOLUTE
    ../clib/microlib/init/entry.s            0x00000000   Number         0  entry8b.o ABSOLUTE
    ../clib/microlib/init/entry.s            0x00000000   Number         0  entry9a.o ABSOLUTE
    ../clib/microlib/init/entry.s            0x00000000   Number         0  entry9b.o ABSOLUTE
    ../clib/microlib/init/entry.s            0x00000000   Number         0  entry10a.o ABSOLUTE
    ../clib/microlib/init/entry.s            0x00000000   Number         0  entry11a.o ABSOLUTE
    ../clib/microlib/longlong.c              0x00000000   Number         0  llushr.o ABSOLUTE
    ../clib/microlib/longlong.c              0x00000000   Number         0  llshl.o ABSOLUTE
    ../clib/microlib/longlong.c              0x00000000   Number         0  llsshr.o ABSOLUTE
    ../clib/microlib/printf/printf.c         0x00000000   Number         0  printf5.o ABSOLUTE
    ../clib/microlib/printf/printf.c         0x00000000   Number         0  printf8.o ABSOLUTE
    ../clib/microlib/printf/printf.c         0x00000000   Number         0  printf7.o ABSOLUTE
    ../clib/microlib/printf/printf.c         0x00000000   Number         0  printf6.o ABSOLUTE
    ../clib/microlib/printf/printf.c         0x00000000   Number         0  printfa.o ABSOLUTE
    ../clib/microlib/printf/printf.c         0x00000000   Number         0  printfb.o ABSOLUTE
    ../clib/microlib/printf/printf.c         0x00000000   Number         0  printf0.o ABSOLUTE
    ../clib/microlib/printf/printf.c         0x00000000   Number         0  printf1.o ABSOLUTE
    ../clib/microlib/printf/printf.c         0x00000000   Number         0  printf2.o ABSOLUTE
    ../clib/microlib/printf/printf.c         0x00000000   Number         0  printf3.o ABSOLUTE
    ../clib/microlib/printf/printf.c         0x00000000   Number         0  printf4.o ABSOLUTE
    ../clib/microlib/printf/stubs.s          0x00000000   Number         0  stubs.o ABSOLUTE
    ../clib/microlib/stdio/streams.c         0x00000000   Number         0  stdout.o ABSOLUTE
    ../clib/microlib/string/memcpy.c         0x00000000   Number         0  memcpya.o ABSOLUTE
    ../clib/microlib/string/memcpy.c         0x00000000   Number         0  memcpyb.o ABSOLUTE
    ../clib/microlib/string/memset.c         0x00000000   Number         0  memseta.o ABSOLUTE
    ../clib/microlib/stubs.s                 0x00000000   Number         0  iusefp.o ABSOLUTE
    ../fplib/microlib/d2f.c                  0x00000000   Number         0  d2f.o ABSOLUTE
    ../fplib/microlib/f2d.c                  0x00000000   Number         0  f2d.o ABSOLUTE
    ../fplib/microlib/fpadd.c                0x00000000   Number         0  dadd.o ABSOLUTE
    ../fplib/microlib/fpadd.c                0x00000000   Number         0  fadd.o ABSOLUTE
    ../fplib/microlib/fpdiv.c                0x00000000   Number         0  fdiv.o ABSOLUTE
    ../fplib/microlib/fpdiv.c                0x00000000   Number         0  ddiv.o ABSOLUTE
    ../fplib/microlib/fpepilogue.c           0x00000000   Number         0  depilogue.o ABSOLUTE
    ../fplib/microlib/fpepilogue.c           0x00000000   Number         0  fepilogue.o ABSOLUTE
    ../fplib/microlib/fpfix.c                0x00000000   Number         0  ffixui.o ABSOLUTE
    ../fplib/microlib/fpfix.c                0x00000000   Number         0  ffixi.o ABSOLUTE
    ../fplib/microlib/fpfix.c                0x00000000   Number         0  dfixul.o ABSOLUTE
    ../fplib/microlib/fpflt.c                0x00000000   Number         0  fflti.o ABSOLUTE
    ../fplib/microlib/fpflt.c                0x00000000   Number         0  ffltui.o ABSOLUTE
    ../fplib/microlib/fpmul.c                0x00000000   Number         0  dmul.o ABSOLUTE
    ../fplib/microlib/fpmul.c                0x00000000   Number         0  fmul.o ABSOLUTE
    ..\Gizwits\gizwits_product.c             0x00000000   Number         0  gizwits_product.o ABSOLUTE
    ..\Gizwits\gizwits_protocol.c            0x00000000   Number         0  gizwits_protocol.o ABSOLUTE
    ..\Hal\ACS712\acs712.c                   0x00000000   Number         0  acs712.o ABSOLUTE
    ..\Hal\ACS712\adc.c                      0x00000000   Number         0  adc.o ABSOLUTE
    ..\Hal\AT24C02\24CXX\24cxx.c             0x00000000   Number         0  24cxx.o ABSOLUTE
    ..\Hal\AT24C02\IIC\myiic.c               0x00000000   Number         0  myiic.o ABSOLUTE
    ..\Hal\Hal_Usart\hal_uart.c              0x00000000   Number         0  hal_uart.o ABSOLUTE
    ..\Hal\Hal_Watchdog\hal_watchdog.c       0x00000000   Number         0  hal_watchdog.o ABSOLUTE
    ..\Hal\Hal_key\hal_key.c                 0x00000000   Number         0  hal_key.o ABSOLUTE
    ..\Hal\Hal_led\Hal_led.c                 0x00000000   Number         0  hal_led.o ABSOLUTE
    ..\Hal\Hal_relay\Hal_relay.c             0x00000000   Number         0  hal_relay.o ABSOLUTE
    ..\Hal\delay\delay.c                     0x00000000   Number         0  delay.o ABSOLUTE
    ..\Hal\sys\sys.c                         0x00000000   Number         0  sys.o ABSOLUTE
    ..\Lib\CMSIS\CM3\CoreSupport\core_cm3.c  0x00000000   Number         0  core_cm3.o ABSOLUTE
    ..\Lib\CMSIS\CM3\DeviceSupport\ST\STM32F10x\startup\arm\startup_stm32f10x_md.s 0x00000000   Number         0  startup_stm32f10x_md.o ABSOLUTE
    ..\Lib\CMSIS\CM3\DeviceSupport\ST\STM32F10x\system_stm32f10x.c 0x00000000   Number         0  system_stm32f10x.o ABSOLUTE
    ..\Lib\STM32F10x_StdPeriph_Driver\src\misc.c 0x00000000   Number         0  misc.o ABSOLUTE
    ..\Lib\STM32F10x_StdPeriph_Driver\src\stm32f10x_adc.c 0x00000000   Number         0  stm32f10x_adc.o ABSOLUTE
    ..\Lib\STM32F10x_StdPeriph_Driver\src\stm32f10x_bkp.c 0x00000000   Number         0  stm32f10x_bkp.o ABSOLUTE
    ..\Lib\STM32F10x_StdPeriph_Driver\src\stm32f10x_can.c 0x00000000   Number         0  stm32f10x_can.o ABSOLUTE
    ..\Lib\STM32F10x_StdPeriph_Driver\src\stm32f10x_cec.c 0x00000000   Number         0  stm32f10x_cec.o ABSOLUTE
    ..\Lib\STM32F10x_StdPeriph_Driver\src\stm32f10x_crc.c 0x00000000   Number         0  stm32f10x_crc.o ABSOLUTE
    ..\Lib\STM32F10x_StdPeriph_Driver\src\stm32f10x_dac.c 0x00000000   Number         0  stm32f10x_dac.o ABSOLUTE
    ..\Lib\STM32F10x_StdPeriph_Driver\src\stm32f10x_dbgmcu.c 0x00000000   Number         0  stm32f10x_dbgmcu.o ABSOLUTE
    ..\Lib\STM32F10x_StdPeriph_Driver\src\stm32f10x_dma.c 0x00000000   Number         0  stm32f10x_dma.o ABSOLUTE
    ..\Lib\STM32F10x_StdPeriph_Driver\src\stm32f10x_exti.c 0x00000000   Number         0  stm32f10x_exti.o ABSOLUTE
    ..\Lib\STM32F10x_StdPeriph_Driver\src\stm32f10x_flash.c 0x00000000   Number         0  stm32f10x_flash.o ABSOLUTE
    ..\Lib\STM32F10x_StdPeriph_Driver\src\stm32f10x_fsmc.c 0x00000000   Number         0  stm32f10x_fsmc.o ABSOLUTE
    ..\Lib\STM32F10x_StdPeriph_Driver\src\stm32f10x_gpio.c 0x00000000   Number         0  stm32f10x_gpio.o ABSOLUTE
    ..\Lib\STM32F10x_StdPeriph_Driver\src\stm32f10x_i2c.c 0x00000000   Number         0  stm32f10x_i2c.o ABSOLUTE
    ..\Lib\STM32F10x_StdPeriph_Driver\src\stm32f10x_iwdg.c 0x00000000   Number         0  stm32f10x_iwdg.o ABSOLUTE
    ..\Lib\STM32F10x_StdPeriph_Driver\src\stm32f10x_pwr.c 0x00000000   Number         0  stm32f10x_pwr.o ABSOLUTE
    ..\Lib\STM32F10x_StdPeriph_Driver\src\stm32f10x_rcc.c 0x00000000   Number         0  stm32f10x_rcc.o ABSOLUTE
    ..\Lib\STM32F10x_StdPeriph_Driver\src\stm32f10x_rtc.c 0x00000000   Number         0  stm32f10x_rtc.o ABSOLUTE
    ..\Lib\STM32F10x_StdPeriph_Driver\src\stm32f10x_sdio.c 0x00000000   Number         0  stm32f10x_sdio.o ABSOLUTE
    ..\Lib\STM32F10x_StdPeriph_Driver\src\stm32f10x_spi.c 0x00000000   Number         0  stm32f10x_spi.o ABSOLUTE
    ..\Lib\STM32F10x_StdPeriph_Driver\src\stm32f10x_tim.c 0x00000000   Number         0  stm32f10x_tim.o ABSOLUTE
    ..\Lib\STM32F10x_StdPeriph_Driver\src\stm32f10x_usart.c 0x00000000   Number         0  stm32f10x_usart.o ABSOLUTE
    ..\Lib\STM32F10x_StdPeriph_Driver\src\stm32f10x_wwdg.c 0x00000000   Number         0  stm32f10x_wwdg.o ABSOLUTE
    ..\User\main.c                           0x00000000   Number         0  main.o ABSOLUTE
    ..\User\stm32f10x_it.c                   0x00000000   Number         0  stm32f10x_it.o ABSOLUTE
    ..\\Hal\\sys\\sys.c                      0x00000000   Number         0  sys.o ABSOLUTE
    ..\\Lib\\CMSIS\\CM3\\CoreSupport\\core_cm3.c 0x00000000   Number         0  core_cm3.o ABSOLUTE
    cdrcmple.s                               0x00000000   Number         0  cdrcmple.o ABSOLUTE
    cfcmple.s                                0x00000000   Number         0  cfcmple.o ABSOLUTE
    cfrcmple.s                               0x00000000   Number         0  cfrcmple.o ABSOLUTE
    dc.s                                     0x00000000   Number         0  dc.o ABSOLUTE
    handlers.s                               0x00000000   Number         0  handlers.o ABSOLUTE
    init.s                                   0x00000000   Number         0  init.o ABSOLUTE
    RESET                                    0x08000000   Section      236  startup_stm32f10x_md.o(RESET)
    .ARM.Collect$$$$00000000                 0x080000ec   Section        0  entry.o(.ARM.Collect$$$$00000000)
    .ARM.Collect$$$$00000001                 0x080000ec   Section        4  entry2.o(.ARM.Collect$$$$00000001)
    .ARM.Collect$$$$00000004                 0x080000f0   Section        4  entry5.o(.ARM.Collect$$$$00000004)
    .ARM.Collect$$$$00000008                 0x080000f4   Section        0  entry7b.o(.ARM.Collect$$$$00000008)
    .ARM.Collect$$$$0000000A                 0x080000f4   Section        0  entry8b.o(.ARM.Collect$$$$0000000A)
    .ARM.Collect$$$$0000000B                 0x080000f4   Section        8  entry9a.o(.ARM.Collect$$$$0000000B)
    .ARM.Collect$$$$0000000D                 0x080000fc   Section        0  entry10a.o(.ARM.Collect$$$$0000000D)
    .ARM.Collect$$$$0000000F                 0x080000fc   Section        0  entry11a.o(.ARM.Collect$$$$0000000F)
    .ARM.Collect$$$$00002712                 0x080000fc   Section        4  entry2.o(.ARM.Collect$$$$00002712)
    __lit__00000000                          0x080000fc   Data           4  entry2.o(.ARM.Collect$$$$00002712)
    .text                                    0x08000100   Section       36  startup_stm32f10x_md.o(.text)
    .text                                    0x08000124   Section        0  system_stm32f10x.o(.text)
    SetSysClockTo72                          0x08000125   Thumb Code   214  system_stm32f10x.o(.text)
    SetSysClock                              0x080001fb   Thumb Code     8  system_stm32f10x.o(.text)
    .text                                    0x08000304   Section        0  misc.o(.text)
    .text                                    0x080003e0   Section        0  stm32f10x_adc.o(.text)
    .text                                    0x08000830   Section        0  stm32f10x_gpio.o(.text)
    .text                                    0x08000b8c   Section        0  stm32f10x_rcc.o(.text)
    .text                                    0x08000f30   Section        0  stm32f10x_rtc.o(.text)
    .text                                    0x08001078   Section        0  stm32f10x_tim.o(.text)
    TI4_Config                               0x0800151f   Thumb Code   130  stm32f10x_tim.o(.text)
    TI3_Config                               0x080015b3   Thumb Code   122  stm32f10x_tim.o(.text)
    TI2_Config                               0x08001647   Thumb Code   130  stm32f10x_tim.o(.text)
    TI1_Config                               0x080016db   Thumb Code   108  stm32f10x_tim.o(.text)
    .text                                    0x08001e94   Section        0  stm32f10x_usart.o(.text)
    .text                                    0x0800229c   Section        0  main.o(.text)
    .text                                    0x080028f0   Section        0  stm32f10x_it.o(.text)
    .text                                    0x0800299c   Section        0  hal_key.o(.text)
    .text                                    0x08002d00   Section        0  hal_uart.o(.text)
    .text                                    0x08002ec4   Section        0  gizwits_product.o(.text)
    .text                                    0x08003448   Section        0  gizwits_protocol.o(.text)
    rbCreate                                 0x08003449   Thumb Code    26  gizwits_protocol.o(.text)
    rbDelete                                 0x08003463   Thumb Code    28  gizwits_protocol.o(.text)
    rbCapacity                               0x0800347f   Thumb Code    22  gizwits_protocol.o(.text)
    rbCanRead                                0x08003495   Thumb Code    62  gizwits_protocol.o(.text)
    rbCanWrite                               0x080034d3   Thumb Code    36  gizwits_protocol.o(.text)
    rbRead                                   0x080034f7   Thumb Code   174  gizwits_protocol.o(.text)
    rbWrite                                  0x080035a5   Thumb Code   186  gizwits_protocol.o(.text)
    gizProtocolSum                           0x08003693   Thumb Code    52  gizwits_protocol.o(.text)
    gizProtocolExchangeBytes                 0x080036c7   Thumb Code    22  gizwits_protocol.o(.text)
    gizExchangeWord                          0x080036dd   Thumb Code    26  gizwits_protocol.o(.text)
    gizByteOrderExchange                     0x080036f7   Thumb Code    64  gizwits_protocol.o(.text)
    gizY2X                                   0x08003737   Thumb Code    14  gizwits_protocol.o(.text)
    gizX2Y                                   0x08003745   Thumb Code    12  gizwits_protocol.o(.text)
    gizY2XFloat                              0x08003751   Thumb Code    42  gizwits_protocol.o(.text)
    gizX2YFloat                              0x0800377b   Thumb Code    42  gizwits_protocol.o(.text)
    gizAcrossByteJudge                       0x080037a5   Thumb Code    42  gizwits_protocol.o(.text)
    gizProtocolHeadInit                      0x080037cf   Thumb Code    34  gizwits_protocol.o(.text)
    gizProtocolWaitAck                       0x080037f1   Thumb Code   412  gizwits_protocol.o(.text)
    gizDecompressionValue                    0x0800398d   Thumb Code   202  gizwits_protocol.o(.text)
    gizCompressValue                         0x08003a57   Thumb Code   136  gizwits_protocol.o(.text)
    gizDataPoint2Event                       0x08003adf   Thumb Code   348  gizwits_protocol.o(.text)
    gizCheckReport                           0x08003c3b   Thumb Code   298  gizwits_protocol.o(.text)
    gizDataPoints2ReportData                 0x08003d65   Thumb Code   750  gizwits_protocol.o(.text)
    gizProtocolIssuedProcess                 0x08004053   Thumb Code   218  gizwits_protocol.o(.text)
    gizProtocolIssuedDataAck                 0x0800412d   Thumb Code   204  gizwits_protocol.o(.text)
    gizReportData                            0x080041f9   Thumb Code   138  gizwits_protocol.o(.text)
    gizDevReportPolicy                       0x08004283   Thumb Code   120  gizwits_protocol.o(.text)
    gizProtocolGetOnePacket                  0x080042fb   Thumb Code   702  gizwits_protocol.o(.text)
    gizProtocolResendData                    0x080045b9   Thumb Code    62  gizwits_protocol.o(.text)
    gizProtocolWaitAckCheck                  0x080045f7   Thumb Code    48  gizwits_protocol.o(.text)
    gizProtocolCommonAck                     0x08004627   Thumb Code    88  gizwits_protocol.o(.text)
    gizProtocolAckHandle                     0x0800467f   Thumb Code    92  gizwits_protocol.o(.text)
    gizProtocolGetDeviceInfo                 0x080046db   Thumb Code   184  gizwits_protocol.o(.text)
    gizProtocolErrorCmd                      0x08004793   Thumb Code    92  gizwits_protocol.o(.text)
    gizProtocolNTP                           0x080047ef   Thumb Code   104  gizwits_protocol.o(.text)
    gizProtocolReboot                        0x08004857   Thumb Code    28  gizwits_protocol.o(.text)
    gizProtocolModuleStatus                  0x08004873   Thumb Code  1278  gizwits_protocol.o(.text)
    .text                                    0x0800552c   Section        0  hal_relay.o(.text)
    .text                                    0x08005580   Section        0  hal_led.o(.text)
    .text                                    0x08005644   Section        0  acs712.o(.text)
    .text                                    0x08005764   Section        0  adc.o(.text)
    .text                                    0x0800584c   Section        0  delay.o(.text)
    .text                                    0x08005920   Section        0  24cxx.o(.text)
    .text                                    0x08005afc   Section        0  myiic.o(.text)
    .text                                    0x08005d5c   Section        0  memcpya.o(.text)
    .text                                    0x08005d80   Section        0  memseta.o(.text)
    .text                                    0x08005da4   Section        0  fadd.o(.text)
    .text                                    0x08005e54   Section        0  fmul.o(.text)
    .text                                    0x08005eb8   Section        0  fdiv.o(.text)
    .text                                    0x08005f34   Section        0  dmul.o(.text)
    .text                                    0x08006018   Section        0  fflti.o(.text)
    .text                                    0x0800602a   Section        0  ffltui.o(.text)
    .text                                    0x08006034   Section        0  ffixi.o(.text)
    .text                                    0x08006066   Section        0  ffixui.o(.text)
    .text                                    0x0800608e   Section        0  f2d.o(.text)
    .text                                    0x080060b4   Section        0  d2f.o(.text)
    .text                                    0x080060ec   Section       20  cfcmple.o(.text)
    .text                                    0x08006100   Section       20  cfrcmple.o(.text)
    .text                                    0x08006114   Section        0  uidiv.o(.text)
    .text                                    0x08006140   Section        0  fepilogue.o(.text)
    .text                                    0x08006140   Section        0  iusefp.o(.text)
    .text                                    0x080061ae   Section        0  depilogue.o(.text)
    .text                                    0x08006268   Section       36  init.o(.text)
    .text                                    0x0800628c   Section        0  llshl.o(.text)
    .text                                    0x080062aa   Section        0  llushr.o(.text)
    i.__0printf$6                            0x080062cc   Section        0  printf6.o(i.__0printf$6)
    i.__scatterload_copy                     0x080062ec   Section       14  handlers.o(i.__scatterload_copy)
    i.__scatterload_null                     0x080062fa   Section        2  handlers.o(i.__scatterload_null)
    i.__scatterload_zeroinit                 0x080062fc   Section       14  handlers.o(i.__scatterload_zeroinit)
    i._printf_core                           0x0800630c   Section        0  printf6.o(i._printf_core)
    _printf_core                             0x0800630d   Thumb Code   748  printf6.o(i._printf_core)
    i._printf_post_padding                   0x080065fc   Section        0  printf6.o(i._printf_post_padding)
    _printf_post_padding                     0x080065fd   Thumb Code    36  printf6.o(i._printf_post_padding)
    i._printf_pre_padding                    0x08006620   Section        0  printf6.o(i._printf_pre_padding)
    _printf_pre_padding                      0x08006621   Thumb Code    46  printf6.o(i._printf_pre_padding)
    .constdata                               0x0800664e   Section       24  gizwits_product.o(.constdata)
    .conststring                             0x08006668   Section       65  gizwits_protocol.o(.conststring)
    .data                                    0x20000000   Section       20  system_stm32f10x.o(.data)
    .data                                    0x20000014   Section       20  stm32f10x_rcc.o(.data)
    APBAHBPrescTable                         0x20000014   Data          16  stm32f10x_rcc.o(.data)
    ADCPrescTable                            0x20000024   Data           4  stm32f10x_rcc.o(.data)
    .data                                    0x20000028   Section       10  main.o(.data)
    .data                                    0x20000032   Section        9  hal_key.o(.data)
    keyTotolNum                              0x20000033   Data           1  hal_key.o(.data)
    keyCheck                                 0x20000034   Data           1  hal_key.o(.data)
    keyState                                 0x20000035   Data           1  hal_key.o(.data)
    keyLongCheck                             0x20000036   Data           2  hal_key.o(.data)
    keyPrev                                  0x20000038   Data           2  hal_key.o(.data)
    key_total                                0x2000003a   Data           1  hal_key.o(.data)
    .data                                    0x2000003c   Section        8  gizwits_product.o(.data)
    timerMsCount                             0x20000040   Data           4  gizwits_product.o(.data)
    .data                                    0x20000044   Section       12  gizwits_protocol.o(.data)
    lastReportTime                           0x20000044   Data           4  gizwits_protocol.o(.data)
    protocolFlag                             0x20000048   Data           1  gizwits_protocol.o(.data)
    protocolCount                            0x2000004a   Data           2  gizwits_protocol.o(.data)
    lastData                                 0x2000004c   Data           1  gizwits_protocol.o(.data)
    debugCount                               0x2000004d   Data           1  gizwits_protocol.o(.data)
    lastStatus                               0x2000004e   Data           2  gizwits_protocol.o(.data)
    .data                                    0x20000050   Section        4  acs712.o(.data)
    .data                                    0x20000054   Section        4  delay.o(.data)
    fac_us                                   0x20000054   Data           1  delay.o(.data)
    fac_ms                                   0x20000056   Data           2  delay.o(.data)
    .data                                    0x20000058   Section       32  24cxx.o(.data)
    .data                                    0x20000078   Section        4  stdout.o(.data)
    .bss                                     0x2000007c   Section       73  main.o(.bss)
    .bss                                     0x200000c5   Section      318  gizwits_protocol.o(.bss)
    rbBuf                                    0x200001d1   Data          50  gizwits_protocol.o(.bss)
    STACK                                    0x20000208   Section     4096  startup_stm32f10x_md.o(STACK)

    Global Symbols

    Symbol Name                              Value     Ov Type        Size  Object(Section)

    BuildAttributes$$THM_ISAv4$P$D$K$B$S$PE$A:L22UL41UL21$X:L11$S22US41US21$IEEE1$IW$USESV6$~STKCKD$USESV7$~SHL$OTIME$ROPI$EBA8$MICROLIB$REQ8$PRES8$EABIv2 0x00000000   Number         0  anon$$obj.o ABSOLUTE
    __ARM_use_no_argv                        0x00000000   Number         0  main.o ABSOLUTE
    _printf_a                                0x00000000   Number         0  stubs.o ABSOLUTE
    _printf_c                                0x00000000   Number         0  stubs.o ABSOLUTE
    _printf_charcount                        0x00000000   Number         0  stubs.o ABSOLUTE
    _printf_d                                0x00000000   Number         0  stubs.o ABSOLUTE
    _printf_e                                0x00000000   Number         0  stubs.o ABSOLUTE
    _printf_f                                0x00000000   Number         0  stubs.o ABSOLUTE
    _printf_flags                            0x00000000   Number         0  stubs.o ABSOLUTE
    _printf_fp_dec                           0x00000000   Number         0  stubs.o ABSOLUTE
    _printf_fp_hex                           0x00000000   Number         0  stubs.o ABSOLUTE
    _printf_g                                0x00000000   Number         0  stubs.o ABSOLUTE
    _printf_i                                0x00000000   Number         0  stubs.o ABSOLUTE
    _printf_int_dec                          0x00000000   Number         0  stubs.o ABSOLUTE
    _printf_l                                0x00000000   Number         0  stubs.o ABSOLUTE
    _printf_lc                               0x00000000   Number         0  stubs.o ABSOLUTE
    _printf_ll                               0x00000000   Number         0  stubs.o ABSOLUTE
    _printf_lld                              0x00000000   Number         0  stubs.o ABSOLUTE
    _printf_lli                              0x00000000   Number         0  stubs.o ABSOLUTE
    _printf_llo                              0x00000000   Number         0  stubs.o ABSOLUTE
    _printf_llu                              0x00000000   Number         0  stubs.o ABSOLUTE
    _printf_llx                              0x00000000   Number         0  stubs.o ABSOLUTE
    _printf_longlong_dec                     0x00000000   Number         0  stubs.o ABSOLUTE
    _printf_longlong_hex                     0x00000000   Number         0  stubs.o ABSOLUTE
    _printf_longlong_oct                     0x00000000   Number         0  stubs.o ABSOLUTE
    _printf_ls                               0x00000000   Number         0  stubs.o ABSOLUTE
    _printf_mbtowc                           0x00000000   Number         0  stubs.o ABSOLUTE
    _printf_n                                0x00000000   Number         0  stubs.o ABSOLUTE
    _printf_o                                0x00000000   Number         0  stubs.o ABSOLUTE
    _printf_p                                0x00000000   Number         0  stubs.o ABSOLUTE
    _printf_percent                          0x00000000   Number         0  stubs.o ABSOLUTE
    _printf_pre_padding                      0x00000000   Number         0  stubs.o ABSOLUTE
    _printf_return_value                     0x00000000   Number         0  stubs.o ABSOLUTE
    _printf_s                                0x00000000   Number         0  stubs.o ABSOLUTE
    _printf_sizespec                         0x00000000   Number         0  stubs.o ABSOLUTE
    _printf_str                              0x00000000   Number         0  stubs.o ABSOLUTE
    _printf_truncate_signed                  0x00000000   Number         0  stubs.o ABSOLUTE
    _printf_truncate_unsigned                0x00000000   Number         0  stubs.o ABSOLUTE
    _printf_u                                0x00000000   Number         0  stubs.o ABSOLUTE
    _printf_wc                               0x00000000   Number         0  stubs.o ABSOLUTE
    _printf_wctomb                           0x00000000   Number         0  stubs.o ABSOLUTE
    _printf_widthprec                        0x00000000   Number         0  stubs.o ABSOLUTE
    _printf_x                                0x00000000   Number         0  stubs.o ABSOLUTE
    __cpp_initialize__aeabi_                  - Undefined Weak Reference
    __cxa_finalize                            - Undefined Weak Reference
    __decompress                              - Undefined Weak Reference
    _clock_init                               - Undefined Weak Reference
    _microlib_exit                            - Undefined Weak Reference
    __Vectors_Size                           0x000000ec   Number         0  startup_stm32f10x_md.o ABSOLUTE
    __Vectors                                0x08000000   Data           4  startup_stm32f10x_md.o(RESET)
    __Vectors_End                            0x080000ec   Data           0  startup_stm32f10x_md.o(RESET)
    __main                                   0x080000ed   Thumb Code     0  entry.o(.ARM.Collect$$$$00000000)
    _main_stk                                0x080000ed   Thumb Code     0  entry2.o(.ARM.Collect$$$$00000001)
    _main_scatterload                        0x080000f1   Thumb Code     0  entry5.o(.ARM.Collect$$$$00000004)
    __main_after_scatterload                 0x080000f5   Thumb Code     0  entry5.o(.ARM.Collect$$$$00000004)
    _main_clock                              0x080000f5   Thumb Code     0  entry7b.o(.ARM.Collect$$$$00000008)
    _main_cpp_init                           0x080000f5   Thumb Code     0  entry8b.o(.ARM.Collect$$$$0000000A)
    _main_init                               0x080000f5   Thumb Code     0  entry9a.o(.ARM.Collect$$$$0000000B)
    __rt_final_cpp                           0x080000fd   Thumb Code     0  entry10a.o(.ARM.Collect$$$$0000000D)
    __rt_final_exit                          0x080000fd   Thumb Code     0  entry11a.o(.ARM.Collect$$$$0000000F)
    Reset_Handler                            0x08000101   Thumb Code     8  startup_stm32f10x_md.o(.text)
    ADC1_2_IRQHandler                        0x0800011b   Thumb Code     0  startup_stm32f10x_md.o(.text)
    CAN1_RX1_IRQHandler                      0x0800011b   Thumb Code     0  startup_stm32f10x_md.o(.text)
    CAN1_SCE_IRQHandler                      0x0800011b   Thumb Code     0  startup_stm32f10x_md.o(.text)
    DMA1_Channel1_IRQHandler                 0x0800011b   Thumb Code     0  startup_stm32f10x_md.o(.text)
    DMA1_Channel2_IRQHandler                 0x0800011b   Thumb Code     0  startup_stm32f10x_md.o(.text)
    DMA1_Channel3_IRQHandler                 0x0800011b   Thumb Code     0  startup_stm32f10x_md.o(.text)
    DMA1_Channel4_IRQHandler                 0x0800011b   Thumb Code     0  startup_stm32f10x_md.o(.text)
    DMA1_Channel5_IRQHandler                 0x0800011b   Thumb Code     0  startup_stm32f10x_md.o(.text)
    DMA1_Channel6_IRQHandler                 0x0800011b   Thumb Code     0  startup_stm32f10x_md.o(.text)
    DMA1_Channel7_IRQHandler                 0x0800011b   Thumb Code     0  startup_stm32f10x_md.o(.text)
    EXTI0_IRQHandler                         0x0800011b   Thumb Code     0  startup_stm32f10x_md.o(.text)
    EXTI15_10_IRQHandler                     0x0800011b   Thumb Code     0  startup_stm32f10x_md.o(.text)
    EXTI1_IRQHandler                         0x0800011b   Thumb Code     0  startup_stm32f10x_md.o(.text)
    EXTI2_IRQHandler                         0x0800011b   Thumb Code     0  startup_stm32f10x_md.o(.text)
    EXTI3_IRQHandler                         0x0800011b   Thumb Code     0  startup_stm32f10x_md.o(.text)
    EXTI4_IRQHandler                         0x0800011b   Thumb Code     0  startup_stm32f10x_md.o(.text)
    EXTI9_5_IRQHandler                       0x0800011b   Thumb Code     0  startup_stm32f10x_md.o(.text)
    FLASH_IRQHandler                         0x0800011b   Thumb Code     0  startup_stm32f10x_md.o(.text)
    I2C1_ER_IRQHandler                       0x0800011b   Thumb Code     0  startup_stm32f10x_md.o(.text)
    I2C1_EV_IRQHandler                       0x0800011b   Thumb Code     0  startup_stm32f10x_md.o(.text)
    I2C2_ER_IRQHandler                       0x0800011b   Thumb Code     0  startup_stm32f10x_md.o(.text)
    I2C2_EV_IRQHandler                       0x0800011b   Thumb Code     0  startup_stm32f10x_md.o(.text)
    PVD_IRQHandler                           0x0800011b   Thumb Code     0  startup_stm32f10x_md.o(.text)
    RCC_IRQHandler                           0x0800011b   Thumb Code     0  startup_stm32f10x_md.o(.text)
    RTCAlarm_IRQHandler                      0x0800011b   Thumb Code     0  startup_stm32f10x_md.o(.text)
    SPI1_IRQHandler                          0x0800011b   Thumb Code     0  startup_stm32f10x_md.o(.text)
    SPI2_IRQHandler                          0x0800011b   Thumb Code     0  startup_stm32f10x_md.o(.text)
    TAMPER_IRQHandler                        0x0800011b   Thumb Code     0  startup_stm32f10x_md.o(.text)
    TIM1_BRK_IRQHandler                      0x0800011b   Thumb Code     0  startup_stm32f10x_md.o(.text)
    TIM1_CC_IRQHandler                       0x0800011b   Thumb Code     0  startup_stm32f10x_md.o(.text)
    TIM1_TRG_COM_IRQHandler                  0x0800011b   Thumb Code     0  startup_stm32f10x_md.o(.text)
    TIM1_UP_IRQHandler                       0x0800011b   Thumb Code     0  startup_stm32f10x_md.o(.text)
    TIM4_IRQHandler                          0x0800011b   Thumb Code     0  startup_stm32f10x_md.o(.text)
    USBWakeUp_IRQHandler                     0x0800011b   Thumb Code     0  startup_stm32f10x_md.o(.text)
    USB_HP_CAN1_TX_IRQHandler                0x0800011b   Thumb Code     0  startup_stm32f10x_md.o(.text)
    USB_LP_CAN1_RX0_IRQHandler               0x0800011b   Thumb Code     0  startup_stm32f10x_md.o(.text)
    WWDG_IRQHandler                          0x0800011b   Thumb Code     0  startup_stm32f10x_md.o(.text)
    SystemInit                               0x08000203   Thumb Code    78  system_stm32f10x.o(.text)
    SystemCoreClockUpdate                    0x08000251   Thumb Code   142  system_stm32f10x.o(.text)
    NVIC_PriorityGroupConfig                 0x08000305   Thumb Code    10  misc.o(.text)
    NVIC_Init                                0x0800030f   Thumb Code   100  misc.o(.text)
    NVIC_SetVectorTable                      0x08000373   Thumb Code    14  misc.o(.text)
    NVIC_SystemLPConfig                      0x08000381   Thumb Code    34  misc.o(.text)
    SysTick_CLKSourceConfig                  0x080003a3   Thumb Code    40  misc.o(.text)
    ADC_DeInit                               0x080003e1   Thumb Code    78  stm32f10x_adc.o(.text)
    ADC_Init                                 0x0800042f   Thumb Code    70  stm32f10x_adc.o(.text)
    ADC_StructInit                           0x08000475   Thumb Code    18  stm32f10x_adc.o(.text)
    ADC_Cmd                                  0x08000487   Thumb Code    22  stm32f10x_adc.o(.text)
    ADC_DMACmd                               0x0800049d   Thumb Code    22  stm32f10x_adc.o(.text)
    ADC_ITConfig                             0x080004b3   Thumb Code    24  stm32f10x_adc.o(.text)
    ADC_ResetCalibration                     0x080004cb   Thumb Code    10  stm32f10x_adc.o(.text)
    ADC_GetResetCalibrationStatus            0x080004d5   Thumb Code    20  stm32f10x_adc.o(.text)
    ADC_StartCalibration                     0x080004e9   Thumb Code    10  stm32f10x_adc.o(.text)
    ADC_GetCalibrationStatus                 0x080004f3   Thumb Code    20  stm32f10x_adc.o(.text)
    ADC_SoftwareStartConvCmd                 0x08000507   Thumb Code    22  stm32f10x_adc.o(.text)
    ADC_GetSoftwareStartConvStatus           0x0800051d   Thumb Code    20  stm32f10x_adc.o(.text)
    ADC_DiscModeChannelCountConfig           0x08000531   Thumb Code    24  stm32f10x_adc.o(.text)
    ADC_DiscModeCmd                          0x08000549   Thumb Code    22  stm32f10x_adc.o(.text)
    ADC_RegularChannelConfig                 0x0800055f   Thumb Code   184  stm32f10x_adc.o(.text)
    ADC_ExternalTrigConvCmd                  0x08000617   Thumb Code    22  stm32f10x_adc.o(.text)
    ADC_GetConversionValue                   0x0800062d   Thumb Code     8  stm32f10x_adc.o(.text)
    ADC_GetDualModeConversionValue           0x08000635   Thumb Code     8  stm32f10x_adc.o(.text)
    ADC_AutoInjectedConvCmd                  0x0800063d   Thumb Code    22  stm32f10x_adc.o(.text)
    ADC_InjectedDiscModeCmd                  0x08000653   Thumb Code    22  stm32f10x_adc.o(.text)
    ADC_ExternalTrigInjectedConvConfig       0x08000669   Thumb Code    16  stm32f10x_adc.o(.text)
    ADC_ExternalTrigInjectedConvCmd          0x08000679   Thumb Code    22  stm32f10x_adc.o(.text)
    ADC_SoftwareStartInjectedConvCmd         0x0800068f   Thumb Code    22  stm32f10x_adc.o(.text)
    ADC_GetSoftwareStartInjectedConvCmdStatus 0x080006a5   Thumb Code    20  stm32f10x_adc.o(.text)
    ADC_InjectedChannelConfig                0x080006b9   Thumb Code   130  stm32f10x_adc.o(.text)
    ADC_InjectedSequencerLengthConfig        0x0800073b   Thumb Code    24  stm32f10x_adc.o(.text)
    ADC_SetInjectedOffset                    0x08000753   Thumb Code    20  stm32f10x_adc.o(.text)
    ADC_GetInjectedConversionValue           0x08000767   Thumb Code    28  stm32f10x_adc.o(.text)
    ADC_AnalogWatchdogCmd                    0x08000783   Thumb Code    16  stm32f10x_adc.o(.text)
    ADC_AnalogWatchdogThresholdsConfig       0x08000793   Thumb Code     6  stm32f10x_adc.o(.text)
    ADC_AnalogWatchdogSingleChannelConfig    0x08000799   Thumb Code    16  stm32f10x_adc.o(.text)
    ADC_TempSensorVrefintCmd                 0x080007a9   Thumb Code    64  stm32f10x_adc.o(.text)
    ADC_GetFlagStatus                        0x080007e9   Thumb Code    18  stm32f10x_adc.o(.text)
    ADC_ClearFlag                            0x080007fb   Thumb Code     6  stm32f10x_adc.o(.text)
    ADC_GetITStatus                          0x08000801   Thumb Code    36  stm32f10x_adc.o(.text)
    ADC_ClearITPendingBit                    0x08000825   Thumb Code    10  stm32f10x_adc.o(.text)
    GPIO_DeInit                              0x08000831   Thumb Code   172  stm32f10x_gpio.o(.text)
    GPIO_AFIODeInit                          0x080008dd   Thumb Code    20  stm32f10x_gpio.o(.text)
    GPIO_Init                                0x080008f1   Thumb Code   278  stm32f10x_gpio.o(.text)
    GPIO_StructInit                          0x08000a07   Thumb Code    16  stm32f10x_gpio.o(.text)
    GPIO_ReadInputDataBit                    0x08000a17   Thumb Code    18  stm32f10x_gpio.o(.text)
    GPIO_ReadInputData                       0x08000a29   Thumb Code     8  stm32f10x_gpio.o(.text)
    GPIO_ReadOutputDataBit                   0x08000a31   Thumb Code    18  stm32f10x_gpio.o(.text)
    GPIO_ReadOutputData                      0x08000a43   Thumb Code     8  stm32f10x_gpio.o(.text)
    GPIO_SetBits                             0x08000a4b   Thumb Code     4  stm32f10x_gpio.o(.text)
    GPIO_ResetBits                           0x08000a4f   Thumb Code     4  stm32f10x_gpio.o(.text)
    GPIO_WriteBit                            0x08000a53   Thumb Code    10  stm32f10x_gpio.o(.text)
    GPIO_Write                               0x08000a5d   Thumb Code     4  stm32f10x_gpio.o(.text)
    GPIO_PinLockConfig                       0x08000a61   Thumb Code    18  stm32f10x_gpio.o(.text)
    GPIO_EventOutputConfig                   0x08000a73   Thumb Code    26  stm32f10x_gpio.o(.text)
    GPIO_EventOutputCmd                      0x08000a8d   Thumb Code     6  stm32f10x_gpio.o(.text)
    GPIO_PinRemapConfig                      0x08000a93   Thumb Code   138  stm32f10x_gpio.o(.text)
    GPIO_EXTILineConfig                      0x08000b1d   Thumb Code    66  stm32f10x_gpio.o(.text)
    GPIO_ETH_MediaInterfaceConfig            0x08000b5f   Thumb Code     8  stm32f10x_gpio.o(.text)
    RCC_DeInit                               0x08000b8d   Thumb Code    64  stm32f10x_rcc.o(.text)
    RCC_HSEConfig                            0x08000bcd   Thumb Code    70  stm32f10x_rcc.o(.text)
    RCC_GetFlagStatus                        0x08000c13   Thumb Code    56  stm32f10x_rcc.o(.text)
    RCC_WaitForHSEStartUp                    0x08000c4b   Thumb Code    56  stm32f10x_rcc.o(.text)
    RCC_AdjustHSICalibrationValue            0x08000c83   Thumb Code    20  stm32f10x_rcc.o(.text)
    RCC_HSICmd                               0x08000c97   Thumb Code     6  stm32f10x_rcc.o(.text)
    RCC_PLLConfig                            0x08000c9d   Thumb Code    24  stm32f10x_rcc.o(.text)
    RCC_PLLCmd                               0x08000cb5   Thumb Code     6  stm32f10x_rcc.o(.text)
    RCC_SYSCLKConfig                         0x08000cbb   Thumb Code    18  stm32f10x_rcc.o(.text)
    RCC_GetSYSCLKSource                      0x08000ccd   Thumb Code    10  stm32f10x_rcc.o(.text)
    RCC_HCLKConfig                           0x08000cd7   Thumb Code    18  stm32f10x_rcc.o(.text)
    RCC_PCLK1Config                          0x08000ce9   Thumb Code    18  stm32f10x_rcc.o(.text)
    RCC_PCLK2Config                          0x08000cfb   Thumb Code    20  stm32f10x_rcc.o(.text)
    RCC_ITConfig                             0x08000d0f   Thumb Code    26  stm32f10x_rcc.o(.text)
    RCC_USBCLKConfig                         0x08000d29   Thumb Code     8  stm32f10x_rcc.o(.text)
    RCC_ADCCLKConfig                         0x08000d31   Thumb Code    18  stm32f10x_rcc.o(.text)
    RCC_LSEConfig                            0x08000d43   Thumb Code    50  stm32f10x_rcc.o(.text)
    RCC_LSICmd                               0x08000d75   Thumb Code     6  stm32f10x_rcc.o(.text)
    RCC_RTCCLKConfig                         0x08000d7b   Thumb Code    12  stm32f10x_rcc.o(.text)
    RCC_RTCCLKCmd                            0x08000d87   Thumb Code     8  stm32f10x_rcc.o(.text)
    RCC_GetClocksFreq                        0x08000d8f   Thumb Code   192  stm32f10x_rcc.o(.text)
    RCC_AHBPeriphClockCmd                    0x08000e4f   Thumb Code    26  stm32f10x_rcc.o(.text)
    RCC_APB2PeriphClockCmd                   0x08000e69   Thumb Code    26  stm32f10x_rcc.o(.text)
    RCC_APB1PeriphClockCmd                   0x08000e83   Thumb Code    26  stm32f10x_rcc.o(.text)
    RCC_APB2PeriphResetCmd                   0x08000e9d   Thumb Code    26  stm32f10x_rcc.o(.text)
    RCC_APB1PeriphResetCmd                   0x08000eb7   Thumb Code    26  stm32f10x_rcc.o(.text)
    RCC_BackupResetCmd                       0x08000ed1   Thumb Code     8  stm32f10x_rcc.o(.text)
    RCC_ClockSecuritySystemCmd               0x08000ed9   Thumb Code     6  stm32f10x_rcc.o(.text)
    RCC_MCOConfig                            0x08000edf   Thumb Code     6  stm32f10x_rcc.o(.text)
    RCC_ClearFlag                            0x08000ee5   Thumb Code    14  stm32f10x_rcc.o(.text)
    RCC_GetITStatus                          0x08000ef3   Thumb Code    20  stm32f10x_rcc.o(.text)
    RCC_ClearITPendingBit                    0x08000f07   Thumb Code     6  stm32f10x_rcc.o(.text)
    RTC_ITConfig                             0x08000f31   Thumb Code    26  stm32f10x_rtc.o(.text)
    RTC_EnterConfigMode                      0x08000f4b   Thumb Code    18  stm32f10x_rtc.o(.text)
    RTC_ExitConfigMode                       0x08000f5d   Thumb Code    20  stm32f10x_rtc.o(.text)
    RTC_GetCounter                           0x08000f71   Thumb Code    18  stm32f10x_rtc.o(.text)
    RTC_SetCounter                           0x08000f83   Thumb Code    26  stm32f10x_rtc.o(.text)
    RTC_SetPrescaler                         0x08000f9d   Thumb Code    28  stm32f10x_rtc.o(.text)
    RTC_SetAlarm                             0x08000fb9   Thumb Code    26  stm32f10x_rtc.o(.text)
    RTC_GetDivider                           0x08000fd3   Thumb Code    22  stm32f10x_rtc.o(.text)
    RTC_WaitForLastTask                      0x08000fe9   Thumb Code    18  stm32f10x_rtc.o(.text)
    RTC_WaitForSynchro                       0x08000ffb   Thumb Code    36  stm32f10x_rtc.o(.text)
    RTC_GetFlagStatus                        0x0800101f   Thumb Code    22  stm32f10x_rtc.o(.text)
    RTC_ClearFlag                            0x08001035   Thumb Code    16  stm32f10x_rtc.o(.text)
    RTC_GetITStatus                          0x08001045   Thumb Code    32  stm32f10x_rtc.o(.text)
    RTC_ClearITPendingBit                    0x08001065   Thumb Code    16  stm32f10x_rtc.o(.text)
    TIM_DeInit                               0x08001079   Thumb Code   424  stm32f10x_tim.o(.text)
    TIM_TimeBaseInit                         0x08001221   Thumb Code   122  stm32f10x_tim.o(.text)
    TIM_OC1Init                              0x0800129b   Thumb Code   132  stm32f10x_tim.o(.text)
    TIM_OC2Init                              0x0800131f   Thumb Code   154  stm32f10x_tim.o(.text)
    TIM_OC3Init                              0x080013b9   Thumb Code   150  stm32f10x_tim.o(.text)
    TIM_OC4Init                              0x0800144f   Thumb Code   182  stm32f10x_tim.o(.text)
    TIM_SetIC4Prescaler                      0x08001505   Thumb Code    26  stm32f10x_tim.o(.text)
    TIM_SetIC3Prescaler                      0x080015a1   Thumb Code    18  stm32f10x_tim.o(.text)
    TIM_SetIC2Prescaler                      0x0800162d   Thumb Code    26  stm32f10x_tim.o(.text)
    TIM_SetIC1Prescaler                      0x080016c9   Thumb Code    18  stm32f10x_tim.o(.text)
    TIM_ICInit                               0x08001747   Thumb Code   150  stm32f10x_tim.o(.text)
    TIM_PWMIConfig                           0x080017dd   Thumb Code   124  stm32f10x_tim.o(.text)
    TIM_BDTRConfig                           0x08001859   Thumb Code    32  stm32f10x_tim.o(.text)
    TIM_TimeBaseStructInit                   0x08001879   Thumb Code    18  stm32f10x_tim.o(.text)
    TIM_OCStructInit                         0x0800188b   Thumb Code    20  stm32f10x_tim.o(.text)
    TIM_ICStructInit                         0x0800189f   Thumb Code    18  stm32f10x_tim.o(.text)
    TIM_BDTRStructInit                       0x080018b1   Thumb Code    40  stm32f10x_tim.o(.text)
    TIM_Cmd                                  0x080018d9   Thumb Code    24  stm32f10x_tim.o(.text)
    TIM_CtrlPWMOutputs                       0x080018f1   Thumb Code    30  stm32f10x_tim.o(.text)
    TIM_ITConfig                             0x0800190f   Thumb Code    18  stm32f10x_tim.o(.text)
    TIM_GenerateEvent                        0x08001921   Thumb Code     4  stm32f10x_tim.o(.text)
    TIM_DMAConfig                            0x08001925   Thumb Code    10  stm32f10x_tim.o(.text)
    TIM_DMACmd                               0x0800192f   Thumb Code    18  stm32f10x_tim.o(.text)
    TIM_InternalClockConfig                  0x08001941   Thumb Code    12  stm32f10x_tim.o(.text)
    TIM_SelectInputTrigger                   0x0800194d   Thumb Code    18  stm32f10x_tim.o(.text)
    TIM_ITRxExternalClockConfig              0x0800195f   Thumb Code    24  stm32f10x_tim.o(.text)
    TIM_TIxExternalClockConfig               0x08001977   Thumb Code    62  stm32f10x_tim.o(.text)
    TIM_ETRConfig                            0x080019b5   Thumb Code    28  stm32f10x_tim.o(.text)
    TIM_ETRClockMode1Config                  0x080019d1   Thumb Code    54  stm32f10x_tim.o(.text)
    TIM_ETRClockMode2Config                  0x08001a07   Thumb Code    32  stm32f10x_tim.o(.text)
    TIM_PrescalerConfig                      0x08001a27   Thumb Code     6  stm32f10x_tim.o(.text)
    TIM_CounterModeConfig                    0x08001a2d   Thumb Code    18  stm32f10x_tim.o(.text)
    TIM_EncoderInterfaceConfig               0x08001a3f   Thumb Code    66  stm32f10x_tim.o(.text)
    TIM_ForcedOC1Config                      0x08001a81   Thumb Code    18  stm32f10x_tim.o(.text)
    TIM_ForcedOC2Config                      0x08001a93   Thumb Code    26  stm32f10x_tim.o(.text)
    TIM_ForcedOC3Config                      0x08001aad   Thumb Code    18  stm32f10x_tim.o(.text)
    TIM_ForcedOC4Config                      0x08001abf   Thumb Code    26  stm32f10x_tim.o(.text)
    TIM_ARRPreloadConfig                     0x08001ad9   Thumb Code    24  stm32f10x_tim.o(.text)
    TIM_SelectCOM                            0x08001af1   Thumb Code    24  stm32f10x_tim.o(.text)
    TIM_SelectCCDMA                          0x08001b09   Thumb Code    24  stm32f10x_tim.o(.text)
    TIM_CCPreloadControl                     0x08001b21   Thumb Code    24  stm32f10x_tim.o(.text)
    TIM_OC1PreloadConfig                     0x08001b39   Thumb Code    18  stm32f10x_tim.o(.text)
    TIM_OC2PreloadConfig                     0x08001b4b   Thumb Code    26  stm32f10x_tim.o(.text)
    TIM_OC3PreloadConfig                     0x08001b65   Thumb Code    18  stm32f10x_tim.o(.text)
    TIM_OC4PreloadConfig                     0x08001b77   Thumb Code    26  stm32f10x_tim.o(.text)
    TIM_OC1FastConfig                        0x08001b91   Thumb Code    18  stm32f10x_tim.o(.text)
    TIM_OC2FastConfig                        0x08001ba3   Thumb Code    26  stm32f10x_tim.o(.text)
    TIM_OC3FastConfig                        0x08001bbd   Thumb Code    18  stm32f10x_tim.o(.text)
    TIM_OC4FastConfig                        0x08001bcf   Thumb Code    26  stm32f10x_tim.o(.text)
    TIM_ClearOC1Ref                          0x08001be9   Thumb Code    18  stm32f10x_tim.o(.text)
    TIM_ClearOC2Ref                          0x08001bfb   Thumb Code    24  stm32f10x_tim.o(.text)
    TIM_ClearOC3Ref                          0x08001c13   Thumb Code    18  stm32f10x_tim.o(.text)
    TIM_ClearOC4Ref                          0x08001c25   Thumb Code    24  stm32f10x_tim.o(.text)
    TIM_OC1PolarityConfig                    0x08001c3d   Thumb Code    18  stm32f10x_tim.o(.text)
    TIM_OC1NPolarityConfig                   0x08001c4f   Thumb Code    18  stm32f10x_tim.o(.text)
    TIM_OC2PolarityConfig                    0x08001c61   Thumb Code    26  stm32f10x_tim.o(.text)
    TIM_OC2NPolarityConfig                   0x08001c7b   Thumb Code    26  stm32f10x_tim.o(.text)
    TIM_OC3PolarityConfig                    0x08001c95   Thumb Code    26  stm32f10x_tim.o(.text)
    TIM_OC3NPolarityConfig                   0x08001caf   Thumb Code    26  stm32f10x_tim.o(.text)
    TIM_OC4PolarityConfig                    0x08001cc9   Thumb Code    26  stm32f10x_tim.o(.text)
    TIM_CCxCmd                               0x08001ce3   Thumb Code    30  stm32f10x_tim.o(.text)
    TIM_CCxNCmd                              0x08001d01   Thumb Code    30  stm32f10x_tim.o(.text)
    TIM_SelectOCxM                           0x08001d1f   Thumb Code    82  stm32f10x_tim.o(.text)
    TIM_UpdateDisableConfig                  0x08001d71   Thumb Code    24  stm32f10x_tim.o(.text)
    TIM_UpdateRequestConfig                  0x08001d89   Thumb Code    24  stm32f10x_tim.o(.text)
    TIM_SelectHallSensor                     0x08001da1   Thumb Code    24  stm32f10x_tim.o(.text)
    TIM_SelectOnePulseMode                   0x08001db9   Thumb Code    18  stm32f10x_tim.o(.text)
    TIM_SelectOutputTrigger                  0x08001dcb   Thumb Code    18  stm32f10x_tim.o(.text)
    TIM_SelectSlaveMode                      0x08001ddd   Thumb Code    18  stm32f10x_tim.o(.text)
    TIM_SelectMasterSlaveMode                0x08001def   Thumb Code    18  stm32f10x_tim.o(.text)
    TIM_SetCounter                           0x08001e01   Thumb Code     4  stm32f10x_tim.o(.text)
    TIM_SetAutoreload                        0x08001e05   Thumb Code     4  stm32f10x_tim.o(.text)
    TIM_SetCompare1                          0x08001e09   Thumb Code     4  stm32f10x_tim.o(.text)
    TIM_SetCompare2                          0x08001e0d   Thumb Code     4  stm32f10x_tim.o(.text)
    TIM_SetCompare3                          0x08001e11   Thumb Code     4  stm32f10x_tim.o(.text)
    TIM_SetCompare4                          0x08001e15   Thumb Code     6  stm32f10x_tim.o(.text)
    TIM_SetClockDivision                     0x08001e1b   Thumb Code    18  stm32f10x_tim.o(.text)
    TIM_GetCapture1                          0x08001e2d   Thumb Code     6  stm32f10x_tim.o(.text)
    TIM_GetCapture2                          0x08001e33   Thumb Code     6  stm32f10x_tim.o(.text)
    TIM_GetCapture3                          0x08001e39   Thumb Code     6  stm32f10x_tim.o(.text)
    TIM_GetCapture4                          0x08001e3f   Thumb Code     8  stm32f10x_tim.o(.text)
    TIM_GetCounter                           0x08001e47   Thumb Code     6  stm32f10x_tim.o(.text)
    TIM_GetPrescaler                         0x08001e4d   Thumb Code     6  stm32f10x_tim.o(.text)
    TIM_GetFlagStatus                        0x08001e53   Thumb Code    18  stm32f10x_tim.o(.text)
    TIM_ClearFlag                            0x08001e65   Thumb Code     6  stm32f10x_tim.o(.text)
    TIM_GetITStatus                          0x08001e6b   Thumb Code    34  stm32f10x_tim.o(.text)
    TIM_ClearITPendingBit                    0x08001e8d   Thumb Code     6  stm32f10x_tim.o(.text)
    USART_DeInit                             0x08001e95   Thumb Code   134  stm32f10x_usart.o(.text)
    USART_Init                               0x08001f1b   Thumb Code   210  stm32f10x_usart.o(.text)
    USART_StructInit                         0x08001fed   Thumb Code    24  stm32f10x_usart.o(.text)
    USART_ClockInit                          0x08002005   Thumb Code    34  stm32f10x_usart.o(.text)
    USART_ClockStructInit                    0x08002027   Thumb Code    12  stm32f10x_usart.o(.text)
    USART_Cmd                                0x08002033   Thumb Code    24  stm32f10x_usart.o(.text)
    USART_ITConfig                           0x0800204b   Thumb Code    74  stm32f10x_usart.o(.text)
    USART_DMACmd                             0x08002095   Thumb Code    18  stm32f10x_usart.o(.text)
    USART_SetAddress                         0x080020a7   Thumb Code    18  stm32f10x_usart.o(.text)
    USART_WakeUpConfig                       0x080020b9   Thumb Code    18  stm32f10x_usart.o(.text)
    USART_ReceiverWakeUpCmd                  0x080020cb   Thumb Code    24  stm32f10x_usart.o(.text)
    USART_LINBreakDetectLengthConfig         0x080020e3   Thumb Code    18  stm32f10x_usart.o(.text)
    USART_LINCmd                             0x080020f5   Thumb Code    24  stm32f10x_usart.o(.text)
    USART_SendData                           0x0800210d   Thumb Code     8  stm32f10x_usart.o(.text)
    USART_ReceiveData                        0x08002115   Thumb Code    10  stm32f10x_usart.o(.text)
    USART_SendBreak                          0x0800211f   Thumb Code    10  stm32f10x_usart.o(.text)
    USART_SetGuardTime                       0x08002129   Thumb Code    16  stm32f10x_usart.o(.text)
    USART_SetPrescaler                       0x08002139   Thumb Code    16  stm32f10x_usart.o(.text)
    USART_SmartCardCmd                       0x08002149   Thumb Code    24  stm32f10x_usart.o(.text)
    USART_SmartCardNACKCmd                   0x08002161   Thumb Code    24  stm32f10x_usart.o(.text)
    USART_HalfDuplexCmd                      0x08002179   Thumb Code    24  stm32f10x_usart.o(.text)
    USART_OverSampling8Cmd                   0x08002191   Thumb Code    22  stm32f10x_usart.o(.text)
    USART_OneBitMethodCmd                    0x080021a7   Thumb Code    24  stm32f10x_usart.o(.text)
    USART_IrDAConfig                         0x080021bf   Thumb Code    18  stm32f10x_usart.o(.text)
    USART_IrDACmd                            0x080021d1   Thumb Code    24  stm32f10x_usart.o(.text)
    USART_GetFlagStatus                      0x080021e9   Thumb Code    26  stm32f10x_usart.o(.text)
    USART_ClearFlag                          0x08002203   Thumb Code    18  stm32f10x_usart.o(.text)
    USART_GetITStatus                        0x08002215   Thumb Code    84  stm32f10x_usart.o(.text)
    USART_ClearITPendingBit                  0x08002269   Thumb Code    52  stm32f10x_usart.o(.text)
    userInit                                 0x0800229d   Thumb Code    16  main.o(.text)
    userHandle                               0x080022ad   Thumb Code  1148  main.o(.text)
    key1ShortPress                           0x08002729   Thumb Code    16  main.o(.text)
    key1LongPress                            0x08002739   Thumb Code    16  main.o(.text)
    key2ShortPress                           0x08002749   Thumb Code    48  main.o(.text)
    key2LongPress                            0x08002779   Thumb Code    24  main.o(.text)
    keyInit                                  0x08002791   Thumb Code    94  main.o(.text)
    main                                     0x080027ef   Thumb Code   120  main.o(.text)
    NMI_Handler                              0x080028f1   Thumb Code     2  stm32f10x_it.o(.text)
    HardFault_Handler                        0x080028f3   Thumb Code     4  stm32f10x_it.o(.text)
    MemManage_Handler                        0x080028f7   Thumb Code     4  stm32f10x_it.o(.text)
    BusFault_Handler                         0x080028fb   Thumb Code     4  stm32f10x_it.o(.text)
    UsageFault_Handler                       0x080028ff   Thumb Code     4  stm32f10x_it.o(.text)
    SVC_Handler                              0x08002903   Thumb Code     2  stm32f10x_it.o(.text)
    DebugMon_Handler                         0x08002905   Thumb Code     2  stm32f10x_it.o(.text)
    PendSV_Handler                           0x08002907   Thumb Code     2  stm32f10x_it.o(.text)
    SysTick_Handler                          0x08002909   Thumb Code    10  stm32f10x_it.o(.text)
    USART1_IRQHandler                        0x08002913   Thumb Code    56  stm32f10x_it.o(.text)
    USART3_IRQHandler                        0x0800294b   Thumb Code    56  stm32f10x_it.o(.text)
    RTC_IRQHandler                           0x08002983   Thumb Code    18  stm32f10x_it.o(.text)
    getKey                                   0x0800299d   Thumb Code    94  hal_key.o(.text)
    readKeyValue                             0x080029fb   Thumb Code   222  hal_key.o(.text)
    keyHandle                                0x08002ad9   Thumb Code   188  hal_key.o(.text)
    TIM2_IRQHandler                          0x08002b95   Thumb Code    28  hal_key.o(.text)
    timer2Init                               0x08002bb1   Thumb Code    92  hal_key.o(.text)
    keyInitOne                               0x08002c0d   Thumb Code    82  hal_key.o(.text)
    keyParaInit                              0x08002c5f   Thumb Code   130  hal_key.o(.text)
    uartGpioInit                             0x08002d01   Thumb Code   160  hal_uart.o(.text)
    uartConfig                               0x08002da1   Thumb Code   136  hal_uart.o(.text)
    nvicConfiguration                        0x08002e29   Thumb Code    60  hal_uart.o(.text)
    uart1SendData                            0x08002e65   Thumb Code    28  hal_uart.o(.text)
    uartxInit                                0x08002e81   Thumb Code    16  hal_uart.o(.text)
    fputc                                    0x08002e91   Thumb Code    32  hal_uart.o(.text)
    RTC_Get_Week                             0x08002ec5   Thumb Code   116  gizwits_product.o(.text)
    gizwitsEventProcess                      0x08002f39   Thumb Code   490  gizwits_product.o(.text)
    gizTimerMs                               0x08003123   Thumb Code    12  gizwits_product.o(.text)
    gizGetTimerCount                         0x0800312f   Thumb Code     6  gizwits_product.o(.text)
    mcuRestart                               0x08003135   Thumb Code    38  gizwits_product.o(.text)
    TIM3_IRQHandler                          0x0800315b   Thumb Code    26  gizwits_product.o(.text)
    timerInit                                0x08003175   Thumb Code    92  gizwits_product.o(.text)
    USART2_IRQHandler                        0x080031d1   Thumb Code    48  gizwits_product.o(.text)
    uartWrite                                0x08003201   Thumb Code    82  gizwits_product.o(.text)
    uartInit                                 0x08003253   Thumb Code   172  gizwits_product.o(.text)
    gizPutData                               0x0800365f   Thumb Code    52  gizwits_protocol.o(.text)
    gizwitsInit                              0x08004d71   Thumb Code    28  gizwits_protocol.o(.text)
    gizwitsSetMode                           0x08004d8d   Thumb Code   944  gizwits_protocol.o(.text)
    gizwitsGetNTP                            0x0800513d   Thumb Code    94  gizwits_protocol.o(.text)
    gizwitsHandle                            0x0800519b   Thumb Code   450  gizwits_protocol.o(.text)
    gizwitsPassthroughData                   0x0800535d   Thumb Code   464  gizwits_protocol.o(.text)
    relay_init                               0x0800552d   Thumb Code    50  hal_relay.o(.text)
    relay_control                            0x0800555f   Thumb Code    30  hal_relay.o(.text)
    led_init                                 0x08005581   Thumb Code    84  hal_led.o(.text)
    switch_led                               0x080055d5   Thumb Code   102  hal_led.o(.text)
    get_Electric                             0x08005645   Thumb Code   268  acs712.o(.text)
    Adc_Init                                 0x08005765   Thumb Code   132  adc.o(.text)
    Get_Adc                                  0x080057e9   Thumb Code    46  adc.o(.text)
    Get_Adc_Average                          0x08005817   Thumb Code    46  adc.o(.text)
    delay_init                               0x0800584d   Thumb Code    50  delay.o(.text)
    delay_us                                 0x0800587f   Thumb Code    72  delay.o(.text)
    delay_ms                                 0x080058c7   Thumb Code    72  delay.o(.text)
    AT24CXX_Init                             0x08005921   Thumb Code     8  24cxx.o(.text)
    AT24CXX_ReadOneByte                      0x08005929   Thumb Code    88  24cxx.o(.text)
    AT24CXX_WriteOneByte                     0x08005981   Thumb Code    80  24cxx.o(.text)
    AT24CXX_WriteLenByte                     0x080059d1   Thumb Code    42  24cxx.o(.text)
    AT24CXX_ReadLenByte                      0x080059fb   Thumb Code    44  24cxx.o(.text)
    AT24CXX_Check                            0x08005a27   Thumb Code    46  24cxx.o(.text)
    AT24CXX_Read                             0x08005a55   Thumb Code    34  24cxx.o(.text)
    AT24CXX_Write                            0x08005a77   Thumb Code    36  24cxx.o(.text)
    AT24C02_read_data                        0x08005a9b   Thumb Code    72  24cxx.o(.text)
    IIC_Init                                 0x08005afd   Thumb Code    46  myiic.o(.text)
    IIC_Start                                0x08005b2b   Thumb Code    64  myiic.o(.text)
    IIC_Stop                                 0x08005b6b   Thumb Code    66  myiic.o(.text)
    IIC_Wait_Ack                             0x08005bad   Thumb Code    86  myiic.o(.text)
    IIC_Ack                                  0x08005c03   Thumb Code    70  myiic.o(.text)
    IIC_NAck                                 0x08005c49   Thumb Code    70  myiic.o(.text)
    IIC_Send_Byte                            0x08005c8f   Thumb Code    92  myiic.o(.text)
    IIC_Read_Byte                            0x08005ceb   Thumb Code   100  myiic.o(.text)
    __aeabi_memcpy                           0x08005d5d   Thumb Code    36  memcpya.o(.text)
    __aeabi_memcpy4                          0x08005d5d   Thumb Code     0  memcpya.o(.text)
    __aeabi_memcpy8                          0x08005d5d   Thumb Code     0  memcpya.o(.text)
    __aeabi_memset                           0x08005d81   Thumb Code    14  memseta.o(.text)
    __aeabi_memset4                          0x08005d81   Thumb Code     0  memseta.o(.text)
    __aeabi_memset8                          0x08005d81   Thumb Code     0  memseta.o(.text)
    __aeabi_memclr                           0x08005d8f   Thumb Code     4  memseta.o(.text)
    __aeabi_memclr4                          0x08005d8f   Thumb Code     0  memseta.o(.text)
    __aeabi_memclr8                          0x08005d8f   Thumb Code     0  memseta.o(.text)
    _memset$wrapper                          0x08005d93   Thumb Code    18  memseta.o(.text)
    __aeabi_fadd                             0x08005da5   Thumb Code   164  fadd.o(.text)
    __aeabi_fsub                             0x08005e49   Thumb Code     6  fadd.o(.text)
    __aeabi_frsub                            0x08005e4f   Thumb Code     6  fadd.o(.text)
    __aeabi_fmul                             0x08005e55   Thumb Code   100  fmul.o(.text)
    __aeabi_fdiv                             0x08005eb9   Thumb Code   124  fdiv.o(.text)
    __aeabi_dmul                             0x08005f35   Thumb Code   228  dmul.o(.text)
    __aeabi_i2f                              0x08006019   Thumb Code    18  fflti.o(.text)
    __aeabi_ui2f                             0x0800602b   Thumb Code    10  ffltui.o(.text)
    __aeabi_f2iz                             0x08006035   Thumb Code    50  ffixi.o(.text)
    __aeabi_f2uiz                            0x08006067   Thumb Code    40  ffixui.o(.text)
    __aeabi_f2d                              0x0800608f   Thumb Code    38  f2d.o(.text)
    __aeabi_d2f                              0x080060b5   Thumb Code    56  d2f.o(.text)
    __aeabi_cfcmpeq                          0x080060ed   Thumb Code     0  cfcmple.o(.text)
    __aeabi_cfcmple                          0x080060ed   Thumb Code    20  cfcmple.o(.text)
    __aeabi_cfrcmple                         0x08006101   Thumb Code    20  cfrcmple.o(.text)
    __aeabi_uidiv                            0x08006115   Thumb Code     0  uidiv.o(.text)
    __aeabi_uidivmod                         0x08006115   Thumb Code    44  uidiv.o(.text)
    __I$use$fp                               0x08006141   Thumb Code     0  iusefp.o(.text)
    _float_round                             0x08006141   Thumb Code    18  fepilogue.o(.text)
    _float_epilogue                          0x08006153   Thumb Code    92  fepilogue.o(.text)
    _double_round                            0x080061af   Thumb Code    30  depilogue.o(.text)
    _double_epilogue                         0x080061cd   Thumb Code   156  depilogue.o(.text)
    __scatterload                            0x08006269   Thumb Code    28  init.o(.text)
    __scatterload_rt2                        0x08006269   Thumb Code     0  init.o(.text)
    __aeabi_llsl                             0x0800628d   Thumb Code    30  llshl.o(.text)
    _ll_shift_l                              0x0800628d   Thumb Code     0  llshl.o(.text)
    __aeabi_llsr                             0x080062ab   Thumb Code    32  llushr.o(.text)
    _ll_ushift_r                             0x080062ab   Thumb Code     0  llushr.o(.text)
    __0printf$6                              0x080062cd   Thumb Code    22  printf6.o(i.__0printf$6)
    __1printf$6                              0x080062cd   Thumb Code     0  printf6.o(i.__0printf$6)
    __2printf                                0x080062cd   Thumb Code     0  printf6.o(i.__0printf$6)
    __scatterload_copy                       0x080062ed   Thumb Code    14  handlers.o(i.__scatterload_copy)
    __scatterload_null                       0x080062fb   Thumb Code     2  handlers.o(i.__scatterload_null)
    __scatterload_zeroinit                   0x080062fd   Thumb Code    14  handlers.o(i.__scatterload_zeroinit)
    table_week                               0x0800664e   Data          12  gizwits_product.o(.constdata)
    mon_table                                0x0800665a   Data          12  gizwits_product.o(.constdata)
    Region$$Table$$Base                      0x080066ac   Number         0  anon$$obj.o(Region$$Table)
    Region$$Table$$Limit                     0x080066cc   Number         0  anon$$obj.o(Region$$Table)
    SystemCoreClock                          0x20000000   Data           4  system_stm32f10x.o(.data)
    AHBPrescTable                            0x20000004   Data          16  system_stm32f10x.o(.data)
    w                                        0x20000028   Data           1  main.o(.data)
    count_h                                  0x20000029   Data           1  main.o(.data)
    count_min                                0x2000002a   Data           1  main.o(.data)
    sys_week                                 0x2000002b   Data           1  main.o(.data)
    start_flag                               0x2000002c   Data           1  main.o(.data)
    keys                                     0x2000002d   Data           5  main.o(.data)
    keyCountTime                             0x20000032   Data           1  hal_key.o(.data)
    sys_h                                    0x2000003c   Data           1  gizwits_product.o(.data)
    sys_min                                  0x2000003d   Data           1  gizwits_product.o(.data)
    Electric                                 0x20000050   Data           4  acs712.o(.data)
    data_Time_OnOff                          0x20000058   Data           1  24cxx.o(.data)
    data_CountDown_OnOff                     0x20000059   Data           1  24cxx.o(.data)
    data_Week_Repeat                         0x2000005c   Data           4  24cxx.o(.data)
    data_Time_On_Minute                      0x20000060   Data           4  24cxx.o(.data)
    data_Time_Off_Minute                     0x20000064   Data           4  24cxx.o(.data)
    data_CountDown_Minute                    0x20000068   Data           4  24cxx.o(.data)
    data_Power_Consumption                   0x2000006c   Data           4  24cxx.o(.data)
    data_electric                            0x20000070   Data           4  24cxx.o(.data)
    data_Fuse_failure                        0x20000074   Data           4  24cxx.o(.data)
    __stdout                                 0x20000078   Data           4  stdout.o(.data)
    currentDataPoint                         0x2000007c   Data          31  main.o(.bss)
    singleKey                                0x2000009b   Data          42  main.o(.bss)
    gizwitsProtocol                          0x200000c5   Data         252  gizwits_protocol.o(.bss)
    pRb                                      0x200001c1   Data          16  gizwits_protocol.o(.bss)
    __initial_sp                             0x20001208   Data           0  startup_stm32f10x_md.o(STACK)



==============================================================================

Memory Map of the image

  Image Entry point : 0x08000101

  Load Region LR_1 (Base: 0x08000000, Size: 0x00006748, Max: 0xffffffff, ABSOLUTE)

    Execution Region ER_RO (Base: 0x08000000, Size: 0x000066cc, Max: 0xffffffff, ABSOLUTE)

    Base Addr    Size         Type   Attr      Idx    E Section Name        Object

    0x08000000   0x000000ec   Data   RO            3    RESET               startup_stm32f10x_md.o
    0x080000ec   0x00000000   Code   RO          693  * .ARM.Collect$$$$00000000  mc_w.l(entry.o)
    0x080000ec   0x00000004   Code   RO          987    .ARM.Collect$$$$00000001  mc_w.l(entry2.o)
    0x080000f0   0x00000004   Code   RO          990    .ARM.Collect$$$$00000004  mc_w.l(entry5.o)
    0x080000f4   0x00000000   Code   RO          992    .ARM.Collect$$$$00000008  mc_w.l(entry7b.o)
    0x080000f4   0x00000000   Code   RO          994    .ARM.Collect$$$$0000000A  mc_w.l(entry8b.o)
    0x080000f4   0x00000008   Code   RO          995    .ARM.Collect$$$$0000000B  mc_w.l(entry9a.o)
    0x080000fc   0x00000000   Code   RO          997    .ARM.Collect$$$$0000000D  mc_w.l(entry10a.o)
    0x080000fc   0x00000000   Code   RO          999    .ARM.Collect$$$$0000000F  mc_w.l(entry11a.o)
    0x080000fc   0x00000004   Code   RO          988    .ARM.Collect$$$$00002712  mc_w.l(entry2.o)
    0x08000100   0x00000024   Code   RO            4  * .text               startup_stm32f10x_md.o
    0x08000124   0x000001e0   Code   RO           24    .text               system_stm32f10x.o
    0x08000304   0x000000dc   Code   RO          121    .text               misc.o
    0x080003e0   0x0000044e   Code   RO          137    .text               stm32f10x_adc.o
    0x0800082e   0x00000002   PAD
    0x08000830   0x0000035c   Code   RO          269    .text               stm32f10x_gpio.o
    0x08000b8c   0x000003a4   Code   RO          317    .text               stm32f10x_rcc.o
    0x08000f30   0x00000148   Code   RO          331    .text               stm32f10x_rtc.o
    0x08001078   0x00000e1a   Code   RO          367    .text               stm32f10x_tim.o
    0x08001e92   0x00000002   PAD
    0x08001e94   0x00000408   Code   RO          379    .text               stm32f10x_usart.o
    0x0800229c   0x00000654   Code   RO          403    .text               main.o
    0x080028f0   0x000000ac   Code   RO          472    .text               stm32f10x_it.o
    0x0800299c   0x00000364   Code   RO          487    .text               hal_key.o
    0x08002d00   0x000001c4   Code   RO          511    .text               hal_uart.o
    0x08002ec4   0x00000584   Code   RO          538    .text               gizwits_product.o
    0x08003448   0x000020e4   Code   RO          568    .text               gizwits_protocol.o
    0x0800552c   0x00000054   Code   RO          585    .text               hal_relay.o
    0x08005580   0x000000c4   Code   RO          597    .text               hal_led.o
    0x08005644   0x00000120   Code   RO          609    .text               acs712.o
    0x08005764   0x000000e8   Code   RO          624    .text               adc.o
    0x0800584c   0x000000d4   Code   RO          636    .text               delay.o
    0x08005920   0x000001dc   Code   RO          666    .text               24cxx.o
    0x08005afc   0x00000260   Code   RO          681    .text               myiic.o
    0x08005d5c   0x00000024   Code   RO          696    .text               mc_w.l(memcpya.o)
    0x08005d80   0x00000024   Code   RO          698    .text               mc_w.l(memseta.o)
    0x08005da4   0x000000b0   Code   RO          963    .text               mf_w.l(fadd.o)
    0x08005e54   0x00000064   Code   RO          965    .text               mf_w.l(fmul.o)
    0x08005eb8   0x0000007c   Code   RO          967    .text               mf_w.l(fdiv.o)
    0x08005f34   0x000000e4   Code   RO          969    .text               mf_w.l(dmul.o)
    0x08006018   0x00000012   Code   RO          971    .text               mf_w.l(fflti.o)
    0x0800602a   0x0000000a   Code   RO          973    .text               mf_w.l(ffltui.o)
    0x08006034   0x00000032   Code   RO          975    .text               mf_w.l(ffixi.o)
    0x08006066   0x00000028   Code   RO          977    .text               mf_w.l(ffixui.o)
    0x0800608e   0x00000026   Code   RO          979    .text               mf_w.l(f2d.o)
    0x080060b4   0x00000038   Code   RO          981    .text               mf_w.l(d2f.o)
    0x080060ec   0x00000014   Code   RO          983    .text               mf_w.l(cfcmple.o)
    0x08006100   0x00000014   Code   RO          985    .text               mf_w.l(cfrcmple.o)
    0x08006114   0x0000002c   Code   RO         1002    .text               mc_w.l(uidiv.o)
    0x08006140   0x00000000   Code   RO         1006    .text               mc_w.l(iusefp.o)
    0x08006140   0x0000006e   Code   RO         1007    .text               mf_w.l(fepilogue.o)
    0x080061ae   0x000000ba   Code   RO         1009    .text               mf_w.l(depilogue.o)
    0x08006268   0x00000024   Code   RO         1019    .text               mc_w.l(init.o)
    0x0800628c   0x0000001e   Code   RO         1021    .text               mc_w.l(llshl.o)
    0x080062aa   0x00000020   Code   RO         1023    .text               mc_w.l(llushr.o)
    0x080062ca   0x00000002   PAD
    0x080062cc   0x00000020   Code   RO          857    i.__0printf$6       mc_w.l(printf6.o)
    0x080062ec   0x0000000e   Code   RO         1029    i.__scatterload_copy  mc_w.l(handlers.o)
    0x080062fa   0x00000002   Code   RO         1030    i.__scatterload_null  mc_w.l(handlers.o)
    0x080062fc   0x0000000e   Code   RO         1031    i.__scatterload_zeroinit  mc_w.l(handlers.o)
    0x0800630a   0x00000002   PAD
    0x0800630c   0x000002f0   Code   RO          864    i._printf_core      mc_w.l(printf6.o)
    0x080065fc   0x00000024   Code   RO          865    i._printf_post_padding  mc_w.l(printf6.o)
    0x08006620   0x0000002e   Code   RO          866    i._printf_pre_padding  mc_w.l(printf6.o)
    0x0800664e   0x00000018   Data   RO          539    .constdata          gizwits_product.o
    0x08006666   0x00000002   PAD
    0x08006668   0x00000041   Data   RO          570    .conststring        gizwits_protocol.o
    0x080066a9   0x00000003   PAD
    0x080066ac   0x00000020   Data   RO         1027    Region$$Table       anon$$obj.o


    Execution Region ER_RW (Base: 0x20000000, Size: 0x0000007c, Max: 0xffffffff, ABSOLUTE)

    Base Addr    Size         Type   Attr      Idx    E Section Name        Object

    0x20000000   0x00000014   Data   RW           25    .data               system_stm32f10x.o
    0x20000014   0x00000014   Data   RW          318    .data               stm32f10x_rcc.o
    0x20000028   0x0000000a   Data   RW          405    .data               main.o
    0x20000032   0x00000009   Data   RW          488    .data               hal_key.o
    0x2000003b   0x00000001   PAD
    0x2000003c   0x00000008   Data   RW          540    .data               gizwits_product.o
    0x20000044   0x0000000c   Data   RW          571    .data               gizwits_protocol.o
    0x20000050   0x00000004   Data   RW          610    .data               acs712.o
    0x20000054   0x00000004   Data   RW          637    .data               delay.o
    0x20000058   0x00000020   Data   RW          667    .data               24cxx.o
    0x20000078   0x00000004   Data   RW         1001    .data               mc_w.l(stdout.o)


    Execution Region ER_ZI (Base: 0x2000007c, Size: 0x0000118c, Max: 0xffffffff, ABSOLUTE)

    Base Addr    Size         Type   Attr      Idx    E Section Name        Object

    0x2000007c   0x00000049   Zero   RW          404    .bss                main.o
    0x200000c5   0x0000013e   Zero   RW          569    .bss                gizwits_protocol.o
    0x20000203   0x00000005   PAD
    0x20000208   0x00001000   Zero   RW            1    STACK               startup_stm32f10x_md.o


==============================================================================

Image component sizes


      Code (inc. data)   RO Data    RW Data    ZI Data      Debug   Object Name

       476         26          0         32          0       3690   24cxx.o
       288         20          0          4          0        990   acs712.o
       232          8          0          0          0       1111   adc.o
         0          0          0          0          0       4496   core_cm3.o
       212         18          0          4          0       1107   delay.o
      1412        354         24          8          0      25889   gizwits_product.o
      8420       2384         65         12        318      16001   gizwits_protocol.o
       868         32          0          9          0       4680   hal_key.o
       196         10          0          0          0        830   hal_led.o
        84          4          0          0          0        731   hal_relay.o
       452         20          0          0          0       1530   hal_uart.o
      1620        174          0         10         73      11491   main.o
       220         22          0          0          0       1973   misc.o
       608         14          0          0          0       1904   myiic.o
        36          8        236          0       4096        940   startup_stm32f10x_md.o
      1102         26          0          0          0      11005   stm32f10x_adc.o
       860         38          0          0          0       5813   stm32f10x_gpio.o
       172          8          0          0          0       1781   stm32f10x_it.o
       932         36          0         20          0       9048   stm32f10x_rcc.o
       328          4          0          0          0       2746   stm32f10x_rtc.o
      3610         88          0          0          0      22304   stm32f10x_tim.o
      1032         22          0          0          0       8544   stm32f10x_usart.o
       480         38          0         20          0     258903   system_stm32f10x.o

    ----------------------------------------------------------------------
     23644       3354        362        120       4492     397507   Object Totals
         0          0         32          0          0          0   (incl. Generated)
         4          0          5          1          5          0   (incl. Padding)

    ----------------------------------------------------------------------

      Code (inc. data)   RO Data    RW Data    ZI Data      Debug   Library Member Name

         0          0          0          0          0          0   entry.o
         0          0          0          0          0          0   entry10a.o
         0          0          0          0          0          0   entry11a.o
         8          4          0          0          0          0   entry2.o
         4          0          0          0          0          0   entry5.o
         0          0          0          0          0          0   entry7b.o
         0          0          0          0          0          0   entry8b.o
         8          4          0          0          0          0   entry9a.o
        30          0          0          0          0          0   handlers.o
        36          8          0          0          0         68   init.o
         0          0          0          0          0          0   iusefp.o
        30          0          0          0          0         68   llshl.o
        32          0          0          0          0         68   llushr.o
        36          0          0          0          0         68   memcpya.o
        36          0          0          0          0        108   memseta.o
       866         14          0          0          0        352   printf6.o
         0          0          0          4          0          0   stdout.o
        44          0          0          0          0         80   uidiv.o
        20          0          0          0          0         68   cfcmple.o
        20          0          0          0          0         68   cfrcmple.o
        56          0          0          0          0         88   d2f.o
       186          0          0          0          0        176   depilogue.o
       228          0          0          0          0         96   dmul.o
        38          0          0          0          0         68   f2d.o
       176          0          0          0          0        140   fadd.o
       124          0          0          0          0         88   fdiv.o
       110          0          0          0          0        168   fepilogue.o
        50          0          0          0          0         68   ffixi.o
        40          0          0          0          0         68   ffixui.o
        18          0          0          0          0         68   fflti.o
        10          0          0          0          0         68   ffltui.o
       100          0          0          0          0         76   fmul.o

    ----------------------------------------------------------------------
      2310         30          0          4          0       2120   Library Totals
         4          0          0          0          0          0   (incl. Padding)

    ----------------------------------------------------------------------

      Code (inc. data)   RO Data    RW Data    ZI Data      Debug   Library Name

      1130         30          0          4          0        812   mc_w.l
      1176          0          0          0          0       1308   mf_w.l

    ----------------------------------------------------------------------
      2310         30          0          4          0       2120   Library Totals

    ----------------------------------------------------------------------

==============================================================================


      Code (inc. data)   RO Data    RW Data    ZI Data      Debug   

     25954       3384        362        124       4492     396763   Grand Totals
     25954       3384        362        124       4492     396763   ELF Image Totals
     25954       3384        362        124          0          0   ROM Totals

==============================================================================

    Total RO  Size (Code + RO Data)                26316 (  25.70kB)
    Total RW  Size (RW Data + ZI Data)              4616 (   4.51kB)
    Total ROM Size (Code + RO Data + RW Data)      26440 (  25.82kB)

==============================================================================

